2022-12-21_19-22-27
run this app : SoundCloud

MemTotal:        7624232 kB
MemFree:          334388 kB
MemAvailable:    4388352 kB
Buffers:            9260 kB
Cached:          4292952 kB
SwapCached:         5124 kB
Active:          2784684 kB
Inactive:        2777304 kB
Active(anon):    1379936 kB
Inactive(anon):   288376 kB
Active(file):    1404748 kB
Inactive(file):  2488928 kB
Unevictable:       76260 kB
Mlocked:           77280 kB
RbinTotal:        327680 kB
RbinAlloced:        5128 kB
RbinPool:              0 kB
RbinFree:           1348 kB
RbinCached:       321204 kB
SwapTotal:       4194300 kB
SwapFree:        3917820 kB
Dirty:              5124 kB
Writeback:             0 kB
AnonPages:       1655684 kB
Mapped:          1619112 kB
Shmem:             11948 kB
KReclaimable:     249732 kB
Slab:             363612 kB
SReclaimable:     115084 kB
SUnreclaim:       248528 kB
KernelStack:       60172 kB
PageTables:       101560 kB
NFS_Unstable:          0 kB
Bounce:                0 kB
WritebackTmp:          0 kB
CommitLimit:     7842576 kB
Committed_AS:   175843236 kB
VmallocTotal:   263061440 kB
VmallocUsed:      146276 kB
VmallocChunk:          0 kB
CmaTotal:         286720 kB
CmaFree:          131724 kB

SystemHeap:       153184 kB
SystemHeapPool:    98592 kB
VmallocAPIsize:   146276 kB
KgslSharedmem:    174120 kB
ZramDevice:        65140 kB


2022-12-21_19-22-43
run this app : Starbucks

MemTotal:        7624232 kB
MemFree:          308988 kB
MemAvailable:    4246840 kB
Buffers:            9260 kB
Cached:          4225336 kB
SwapCached:         7960 kB
Active:          2804720 kB
Inactive:        2767324 kB
Active(anon):    1381900 kB
Inactive(anon):   365700 kB
Active(file):    1422820 kB
Inactive(file):  2401624 kB
Unevictable:       76260 kB
Mlocked:           77280 kB
RbinTotal:        327680 kB
RbinAlloced:        5128 kB
RbinPool:              0 kB
RbinFree:            392 kB
RbinCached:       322160 kB
SwapTotal:       4194300 kB
SwapFree:        3909372 kB
Dirty:              3100 kB
Writeback:             0 kB
AnonPages:       1734032 kB
Mapped:          1661784 kB
Shmem:             12600 kB
KReclaimable:     154064 kB
Slab:             366412 kB
SReclaimable:     114360 kB
SUnreclaim:       252052 kB
KernelStack:       62624 kB
PageTables:       105732 kB
NFS_Unstable:          0 kB
Bounce:                0 kB
WritebackTmp:          0 kB
CommitLimit:     7842576 kB
Committed_AS:   184049056 kB
VmallocTotal:   263061440 kB
VmallocUsed:      148888 kB
VmallocChunk:          0 kB
CmaTotal:         286720 kB
CmaFree:          135764 kB

SystemHeap:       169212 kB
SystemHeapPool:    38948 kB
VmallocAPIsize:   148888 kB
KgslSharedmem:    255620 kB
ZramDevice:        67152 kB


2022-12-21_19-22-59
run this app : Word

MemTotal:        7624232 kB
MemFree:          295548 kB
MemAvailable:    4199596 kB
Buffers:            9428 kB
Cached:          4177376 kB
SwapCached:         9028 kB
Active:          2748560 kB
Inactive:        2795616 kB
Active(anon):    1325696 kB
Inactive(anon):   443092 kB
Active(file):    1422864 kB
Inactive(file):  2352524 kB
Unevictable:       77268 kB
Mlocked:           77280 kB
RbinTotal:        327680 kB
RbinAlloced:        5128 kB
RbinPool:              0 kB
RbinFree:            156 kB
RbinCached:       322396 kB
SwapTotal:       4194300 kB
SwapFree:        3892220 kB
Dirty:               296 kB
Writeback:             0 kB
AnonPages:       1754244 kB
Mapped:          1693144 kB
Shmem:             12612 kB
KReclaimable:     184096 kB
Slab:             364860 kB
SReclaimable:     112940 kB
SUnreclaim:       251920 kB
KernelStack:       62856 kB
PageTables:       105428 kB
NFS_Unstable:          0 kB
Bounce:                0 kB
WritebackTmp:          0 kB
CommitLimit:     7842576 kB
Committed_AS:   182094692 kB
VmallocTotal:   263061440 kB
VmallocUsed:      149108 kB
VmallocChunk:          0 kB
CmaTotal:         286720 kB
CmaFree:          125696 kB

SystemHeap:       185244 kB
SystemHeapPool:    36440 kB
VmallocAPIsize:   149092 kB
KgslSharedmem:    247804 kB
ZramDevice:        70500 kB


2022-12-21_19-23-15
run this app : Internet

MemTotal:        7624232 kB
MemFree:          106400 kB
MemAvailable:    3737996 kB
Buffers:            9428 kB
Cached:          3941016 kB
SwapCached:        12012 kB
Active:          2856024 kB
Inactive:        2625752 kB
Active(anon):    1460632 kB
Inactive(anon):   488224 kB
Active(file):    1395392 kB
Inactive(file):  2137528 kB
Unevictable:       77268 kB
Mlocked:           77280 kB
RbinTotal:        327680 kB
RbinAlloced:        5128 kB
RbinPool:              0 kB
RbinFree:            848 kB
RbinCached:       321704 kB
SwapTotal:       4194300 kB
SwapFree:        3881468 kB
Dirty:              2680 kB
Writeback:             0 kB
AnonPages:       1927624 kB
Mapped:          1790012 kB
Shmem:             19284 kB
KReclaimable:     125508 kB
Slab:             363948 kB
SReclaimable:     110988 kB
SUnreclaim:       252960 kB
KernelStack:       65504 kB
PageTables:       108604 kB
NFS_Unstable:          0 kB
Bounce:                0 kB
WritebackTmp:          0 kB
CommitLimit:     7842576 kB
Committed_AS:   184680112 kB
VmallocTotal:   263061440 kB
VmallocUsed:      151920 kB
VmallocChunk:          0 kB
CmaTotal:         286720 kB
CmaFree:               0 kB

SystemHeap:       396120 kB
SystemHeapPool:        0 kB
VmallocAPIsize:   151904 kB
KgslSharedmem:    338752 kB
ZramDevice:        73424 kB


2022-12-21_19-23-31
run this app : TVING

MemTotal:        7624232 kB
MemFree:          182940 kB
MemAvailable:    3852480 kB
Buffers:            9428 kB
Cached:          3867824 kB
SwapCached:        12068 kB
Active:          2926628 kB
Inactive:        2487368 kB
Active(anon):    1453080 kB
Inactive(anon):   493932 kB
Active(file):    1473548 kB
Inactive(file):  1993436 kB
Unevictable:       77268 kB
Mlocked:           77280 kB
RbinTotal:        327680 kB
RbinAlloced:        5128 kB
RbinPool:              0 kB
RbinFree:              0 kB
RbinCached:       322552 kB
SwapTotal:       4194300 kB
SwapFree:        3872252 kB
Dirty:               412 kB
Writeback:             0 kB
AnonPages:       1933796 kB
Mapped:          1756712 kB
Shmem:             11320 kB
KReclaimable:     295728 kB
Slab:             362020 kB
SReclaimable:     108692 kB
SUnreclaim:       253328 kB
KernelStack:       65392 kB
PageTables:       108584 kB
NFS_Unstable:          0 kB
Bounce:                0 kB
WritebackTmp:          0 kB
CommitLimit:     7842576 kB
Committed_AS:   184500732 kB
VmallocTotal:   263061440 kB
VmallocUsed:      151820 kB
VmallocChunk:          0 kB
CmaTotal:         286720 kB
CmaFree:            7048 kB

SystemHeap:       222588 kB
SystemHeapPool:   170420 kB
VmallocAPIsize:   151820 kB
KgslSharedmem:    332092 kB
ZramDevice:        76452 kB


2022-12-21_19-23-48
run this app : Camera

MemTotal:        7624232 kB
MemFree:          167816 kB
MemAvailable:    3042792 kB
Buffers:            6456 kB
Cached:          3173536 kB
SwapCached:        15048 kB
Active:          3213032 kB
Inactive:        2111916 kB
Active(anon):    1727716 kB
Inactive(anon):   508296 kB
Active(file):    1485316 kB
Inactive(file):  1603620 kB
Unevictable:       77284 kB
Mlocked:           77296 kB
RbinTotal:        327680 kB
RbinAlloced:      315608 kB
RbinPool:              0 kB
RbinFree:          12072 kB
RbinCached:            0 kB
SwapTotal:       4194300 kB
SwapFree:        3866364 kB
Dirty:              1740 kB
Writeback:             0 kB
AnonPages:       2219548 kB
Mapped:          1847156 kB
Shmem:             14732 kB
KReclaimable:     143644 kB
Slab:             364876 kB
SReclaimable:     106716 kB
SUnreclaim:       258160 kB
KernelStack:       69444 kB
PageTables:       116400 kB
NFS_Unstable:          0 kB
Bounce:                0 kB
WritebackTmp:          0 kB
CommitLimit:     7842576 kB
Committed_AS:   199223560 kB
VmallocTotal:   263061440 kB
VmallocUsed:      156292 kB
VmallocChunk:          0 kB
CmaTotal:         286720 kB
CmaFree:             408 kB

SystemHeap:       330812 kB
SystemHeapPool:    35392 kB
VmallocAPIsize:   156340 kB
KgslSharedmem:    410876 kB
ZramDevice:        84068 kB


2022-12-21_19-24-04
run this app : Snapseed

MemTotal:        7624232 kB
MemFree:          708028 kB
MemAvailable:    3804920 kB
Buffers:            6452 kB
Cached:          3150004 kB
SwapCached:        15168 kB
Active:          3066836 kB
Inactive:        2037408 kB
Active(anon):    1551912 kB
Inactive(anon):   483984 kB
Active(file):    1514924 kB
Inactive(file):  1553424 kB
Unevictable:       77300 kB
Mlocked:           77300 kB
RbinTotal:        327680 kB
RbinAlloced:        5128 kB
RbinPool:              0 kB
RbinFree:         322552 kB
RbinCached:            0 kB
SwapTotal:       4194300 kB
SwapFree:        3852796 kB
Dirty:              5016 kB
Writeback:             0 kB
AnonPages:       2022324 kB
Mapped:          1717552 kB
Shmem:             11684 kB
KReclaimable:     444268 kB
Slab:             364420 kB
SReclaimable:     106012 kB
SUnreclaim:       258408 kB
KernelStack:       68704 kB
PageTables:       115820 kB
NFS_Unstable:          0 kB
Bounce:                0 kB
WritebackTmp:          0 kB
CommitLimit:     7842576 kB
Committed_AS:   197144368 kB
VmallocTotal:   263061440 kB
VmallocUsed:      155064 kB
VmallocChunk:          0 kB
CmaTotal:         286720 kB
CmaFree:           19880 kB

SystemHeap:       206640 kB
SystemHeapPool:   176440 kB
VmallocAPIsize:   155048 kB
KgslSharedmem:    231868 kB
ZramDevice:        92480 kB


2022-12-21_19-24-20
run this app : Filmora

MemTotal:        7624232 kB
MemFree:          619448 kB
MemAvailable:    3703020 kB
Buffers:            6452 kB
Cached:          3182000 kB
SwapCached:        15224 kB
Active:          3125976 kB
Inactive:        2063140 kB
Active(anon):    1605036 kB
Inactive(anon):   484164 kB
Active(file):    1520940 kB
Inactive(file):  1578976 kB
Unevictable:       77300 kB
Mlocked:           77300 kB
RbinTotal:        327680 kB
RbinAlloced:        5128 kB
RbinPool:              0 kB
RbinFree:         322552 kB
RbinCached:            0 kB
SwapTotal:       4194300 kB
SwapFree:        3852796 kB
Dirty:               352 kB
Writeback:            16 kB
AnonPages:       2075336 kB
Mapped:          1765424 kB
Shmem:             12080 kB
KReclaimable:     399380 kB
Slab:             364304 kB
SReclaimable:     105920 kB
SUnreclaim:       258384 kB
KernelStack:       69164 kB
PageTables:       115980 kB
NFS_Unstable:          0 kB
Bounce:                0 kB
WritebackTmp:          0 kB
CommitLimit:     7842576 kB
Committed_AS:   197206628 kB
VmallocTotal:   263061440 kB
VmallocUsed:      155516 kB
VmallocChunk:          0 kB
CmaTotal:         286720 kB
CmaFree:           21204 kB

SystemHeap:       222744 kB
SystemHeapPool:   160336 kB
VmallocAPIsize:   155516 kB
KgslSharedmem:    260740 kB
ZramDevice:        92480 kB


2022-12-21_19-24-36
run this app : YT Music

MemTotal:        7624232 kB
MemFree:          468956 kB
MemAvailable:    3504352 kB
Buffers:            6616 kB
Cached:          3218268 kB
SwapCached:        15892 kB
Active:          3333520 kB
Inactive:        2047336 kB
Active(anon):    1797552 kB
Inactive(anon):   475348 kB
Active(file):    1535968 kB
Inactive(file):  1571988 kB
Unevictable:       77300 kB
Mlocked:           77300 kB
RbinTotal:        327680 kB
RbinAlloced:        5128 kB
RbinPool:              0 kB
RbinFree:         297056 kB
RbinCached:        25932 kB
SwapTotal:       4194300 kB
SwapFree:        3847420 kB
Dirty:              5060 kB
Writeback:             8 kB
AnonPages:       2256176 kB
Mapped:          1801952 kB
Shmem:             14748 kB
KReclaimable:     317232 kB
Slab:             366104 kB
SReclaimable:     105760 kB
SUnreclaim:       260344 kB
KernelStack:       72544 kB
PageTables:       118740 kB
NFS_Unstable:          0 kB
Bounce:                0 kB
WritebackTmp:          0 kB
CommitLimit:     7842576 kB
Committed_AS:   199503880 kB
VmallocTotal:   263061440 kB
VmallocUsed:      158884 kB
VmallocChunk:          0 kB
CmaTotal:         286720 kB
CmaFree:             208 kB

SystemHeap:       206636 kB
SystemHeapPool:   111420 kB
VmallocAPIsize:   158884 kB
KgslSharedmem:    282580 kB
ZramDevice:        93916 kB


2022-12-21_19-24-53
run this app : AliExpress

MemTotal:        7624232 kB
MemFree:          463124 kB
MemAvailable:    3358880 kB
Buffers:            5216 kB
Cached:          3165600 kB
SwapCached:        15792 kB
Active:          3392148 kB
Inactive:        1993860 kB
Active(anon):    1895444 kB
Inactive(anon):   477424 kB
Active(file):    1496704 kB
Inactive(file):  1516436 kB
Unevictable:       77300 kB
Mlocked:           77300 kB
RbinTotal:        327680 kB
RbinAlloced:        5128 kB
RbinPool:              0 kB
RbinFree:         256676 kB
RbinCached:        65876 kB
SwapTotal:       4194300 kB
SwapFree:        3827964 kB
Dirty:              1976 kB
Writeback:             0 kB
AnonPages:       2355692 kB
Mapped:          1872876 kB
Shmem:             15376 kB
KReclaimable:     205048 kB
Slab:             366396 kB
SReclaimable:     105100 kB
SUnreclaim:       261296 kB
KernelStack:       73808 kB
PageTables:       120588 kB
NFS_Unstable:          0 kB
Bounce:                0 kB
WritebackTmp:          0 kB
CommitLimit:     7842576 kB
Committed_AS:   201779112 kB
VmallocTotal:   263061440 kB
VmallocUsed:      160264 kB
VmallocChunk:          0 kB
CmaTotal:         286720 kB
CmaFree:            5836 kB

SystemHeap:       206636 kB
SystemHeapPool:    83388 kB
VmallocAPIsize:   160264 kB
KgslSharedmem:    346624 kB
ZramDevice:        99688 kB


2022-12-21_19-25-09
run this app : Subway Surf

MemTotal:        7624232 kB
MemFree:          366516 kB
MemAvailable:    3026792 kB
Buffers:            2904 kB
Cached:          2976444 kB
SwapCached:        29828 kB
Active:          3548620 kB
Inactive:        1878152 kB
Active(anon):    2155812 kB
Inactive(anon):   534732 kB
Active(file):    1392808 kB
Inactive(file):  1343420 kB
Unevictable:       77300 kB
Mlocked:           77300 kB
RbinTotal:        327680 kB
RbinAlloced:        5128 kB
RbinPool:              0 kB
RbinFree:         177632 kB
RbinCached:       144960 kB
SwapTotal:       4194300 kB
SwapFree:        3759868 kB
Dirty:              7424 kB
Writeback:            20 kB
AnonPages:       2665752 kB
Mapped:          1911512 kB
Shmem:             21592 kB
KReclaimable:     129744 kB
Slab:             373400 kB
SReclaimable:     103768 kB
SUnreclaim:       269632 kB
KernelStack:       78112 kB
PageTables:       129824 kB
NFS_Unstable:          0 kB
Bounce:                0 kB
WritebackTmp:          0 kB
CommitLimit:     7842576 kB
Committed_AS:   218021836 kB
VmallocTotal:   263061440 kB
VmallocUsed:      164608 kB
VmallocChunk:          0 kB
CmaTotal:         286720 kB
CmaFree:             408 kB

SystemHeap:       178336 kB
SystemHeapPool:    16308 kB
VmallocAPIsize:   164752 kB
KgslSharedmem:    360384 kB
ZramDevice:       144472 kB


2022-12-21_19-25-26
run this app : Flip Diving

MemTotal:        7624232 kB
MemFree:          194212 kB
MemAvailable:    2666580 kB
Buffers:            2628 kB
Cached:          2803860 kB
SwapCached:        30504 kB
Active:          3392432 kB
Inactive:        1671692 kB
Active(anon):    2135864 kB
Inactive(anon):   537232 kB
Active(file):    1256568 kB
Inactive(file):  1134460 kB
Unevictable:       77300 kB
Mlocked:           77300 kB
RbinTotal:        327680 kB
RbinAlloced:        5128 kB
RbinPool:              0 kB
RbinFree:           6740 kB
RbinCached:       315784 kB
SwapTotal:       4194300 kB
SwapFree:        3494396 kB
Dirty:              9840 kB
Writeback:             4 kB
AnonPages:       2647152 kB
Mapped:          1774204 kB
Shmem:             23252 kB
KReclaimable:     102676 kB
Slab:             373288 kB
SReclaimable:      96884 kB
SUnreclaim:       276404 kB
KernelStack:       83616 kB
PageTables:       136664 kB
NFS_Unstable:          0 kB
Bounce:                0 kB
WritebackTmp:          0 kB
CommitLimit:     7842576 kB
Committed_AS:   226775704 kB
VmallocTotal:   263061440 kB
VmallocUsed:      170264 kB
VmallocChunk:          0 kB
CmaTotal:         286720 kB
CmaFree:              24 kB

SystemHeap:       352404 kB
SystemHeapPool:     2680 kB
VmallocAPIsize:   170248 kB
KgslSharedmem:    471944 kB
ZramDevice:       228908 kB


2022-12-21_19-25-43
run this app : Fit The Fat 3

MemTotal:        7624232 kB
MemFree:          172404 kB
MemAvailable:    2189292 kB
Buffers:            2016 kB
Cached:          2340516 kB
SwapCached:        33832 kB
Active:          3097844 kB
Inactive:        1550956 kB
Active(anon):    2174616 kB
Inactive(anon):   542944 kB
Active(file):     923228 kB
Inactive(file):  1008012 kB
Unevictable:       77300 kB
Mlocked:           77300 kB
RbinTotal:        327680 kB
RbinAlloced:        5128 kB
RbinPool:              0 kB
RbinFree:           4332 kB
RbinCached:       318160 kB
SwapTotal:       4194300 kB
SwapFree:        3257596 kB
Dirty:             13576 kB
Writeback:             0 kB
AnonPages:       2697572 kB
Mapped:          1663020 kB
Shmem:             16452 kB
KReclaimable:     106540 kB
Slab:             376360 kB
SReclaimable:      94880 kB
SUnreclaim:       281480 kB
KernelStack:       86332 kB
PageTables:       140544 kB
NFS_Unstable:          0 kB
Bounce:                0 kB
WritebackTmp:          0 kB
CommitLimit:     7842576 kB
Committed_AS:   231418568 kB
VmallocTotal:   263061440 kB
VmallocUsed:      173224 kB
VmallocChunk:          0 kB
CmaTotal:         286720 kB
CmaFree:             612 kB

SystemHeap:       594088 kB
SystemHeapPool:    11608 kB
VmallocAPIsize:   173192 kB
KgslSharedmem:    565596 kB
ZramDevice:       304828 kB


2022-12-21_19-26-00
run this app : Asphalt 9

MemTotal:        7624232 kB
MemFree:          202956 kB
MemAvailable:    1981608 kB
Buffers:            1796 kB
Cached:          2105248 kB
SwapCached:        62160 kB
Active:          2871304 kB
Inactive:        1625312 kB
Active(anon):    2238504 kB
Inactive(anon):   563532 kB
Active(file):     632800 kB
Inactive(file):  1061780 kB
Unevictable:       77300 kB
Mlocked:           77300 kB
RbinTotal:        327680 kB
RbinAlloced:        5128 kB
RbinPool:              0 kB
RbinFree:           3580 kB
RbinCached:       318876 kB
SwapTotal:       4194300 kB
SwapFree:        3023612 kB
Dirty:               752 kB
Writeback:             0 kB
AnonPages:       2781300 kB
Mapped:          1566004 kB
Shmem:             17128 kB
KReclaimable:     101956 kB
Slab:             384608 kB
SReclaimable:      94332 kB
SUnreclaim:       290276 kB
KernelStack:       88384 kB
PageTables:       144564 kB
NFS_Unstable:          0 kB
Bounce:                0 kB
WritebackTmp:          0 kB
CommitLimit:     7842576 kB
Committed_AS:   235774288 kB
VmallocTotal:   263061440 kB
VmallocUsed:      175168 kB
VmallocChunk:          0 kB
CmaTotal:         286720 kB
CmaFree:              20 kB

SystemHeap:       453932 kB
SystemHeapPool:     7624 kB
VmallocAPIsize:   175168 kB
KgslSharedmem:    757876 kB
ZramDevice:       368748 kB


2022-12-21_19-26-17
run this app : Disney+

MemTotal:        7624232 kB
MemFree:          158956 kB
MemAvailable:    1788372 kB
Buffers:            2056 kB
Cached:          1943612 kB
SwapCached:        67440 kB
Active:          2823136 kB
Inactive:        1501840 kB
Active(anon):    2241816 kB
Inactive(anon):   559384 kB
Active(file):     581320 kB
Inactive(file):   942456 kB
Unevictable:       77300 kB
Mlocked:           77300 kB
RbinTotal:        327680 kB
RbinAlloced:        5128 kB
RbinPool:              0 kB
RbinFree:             96 kB
RbinCached:       322456 kB
SwapTotal:       4194300 kB
SwapFree:        2980860 kB
Dirty:              1252 kB
Writeback:             0 kB
AnonPages:       2774236 kB
Mapped:          1499360 kB
Shmem:             23012 kB
KReclaimable:     137932 kB
Slab:             385948 kB
SReclaimable:      94476 kB
SUnreclaim:       291472 kB
KernelStack:       87452 kB
PageTables:       144444 kB
NFS_Unstable:          0 kB
Bounce:                0 kB
WritebackTmp:          0 kB
CommitLimit:     7842576 kB
Committed_AS:   235890844 kB
VmallocTotal:   263061440 kB
VmallocUsed:      174528 kB
VmallocChunk:          0 kB
CmaTotal:         286720 kB
CmaFree:             720 kB

SystemHeap:       462932 kB
SystemHeapPool:    33856 kB
VmallocAPIsize:   174528 kB
KgslSharedmem:    900588 kB
ZramDevice:       390680 kB


2022-12-21_19-26-34
run this app : Netflix

MemTotal:        7624232 kB
MemFree:          198992 kB
MemAvailable:    1853796 kB
Buffers:            2504 kB
Cached:          1973444 kB
SwapCached:        68096 kB
Active:          2735720 kB
Inactive:        1583760 kB
Active(anon):    2205552 kB
Inactive(anon):   547792 kB
Active(file):     530168 kB
Inactive(file):  1035968 kB
Unevictable:       77300 kB
Mlocked:           77300 kB
RbinTotal:        327680 kB
RbinAlloced:        5128 kB
RbinPool:              0 kB
RbinFree:          12484 kB
RbinCached:       310068 kB
SwapTotal:       4194300 kB
SwapFree:        2973948 kB
Dirty:              1952 kB
Writeback:             0 kB
AnonPages:       2726076 kB
Mapped:          1532544 kB
Shmem:             23340 kB
KReclaimable:     128764 kB
Slab:             385448 kB
SReclaimable:      94796 kB
SUnreclaim:       290652 kB
KernelStack:       88240 kB
PageTables:       142564 kB
NFS_Unstable:          0 kB
Bounce:                0 kB
WritebackTmp:          0 kB
CommitLimit:     7842576 kB
Committed_AS:   231831976 kB
VmallocTotal:   263061440 kB
VmallocUsed:      175220 kB
VmallocChunk:          0 kB
CmaTotal:         286720 kB
CmaFree:           18184 kB

SystemHeap:       457576 kB
SystemHeapPool:    23692 kB
VmallocAPIsize:   175204 kB
KgslSharedmem:    893232 kB
ZramDevice:       390076 kB


2022-12-21_19-26-51
run this app : YouTube

MemTotal:        7624232 kB
MemFree:          189344 kB
MemAvailable:    1851680 kB
Buffers:            2492 kB
Cached:          1929816 kB
SwapCached:        81860 kB
Active:          2744180 kB
Inactive:        1565176 kB
Active(anon):    2230884 kB
Inactive(anon):   563624 kB
Active(file):     513296 kB
Inactive(file):  1001552 kB
Unevictable:       77300 kB
Mlocked:           77300 kB
RbinTotal:        327680 kB
RbinAlloced:        5128 kB
RbinPool:              0 kB
RbinFree:           5068 kB
RbinCached:       317484 kB
SwapTotal:       4194300 kB
SwapFree:        3008508 kB
Dirty:               800 kB
Writeback:             0 kB
AnonPages:       2766772 kB
Mapped:          1515188 kB
Shmem:             23552 kB
KReclaimable:     231572 kB
Slab:             385056 kB
SReclaimable:      95280 kB
SUnreclaim:       289776 kB
KernelStack:       89232 kB
PageTables:       143084 kB
NFS_Unstable:          0 kB
Bounce:                0 kB
WritebackTmp:          0 kB
CommitLimit:     7842576 kB
Committed_AS:   231919288 kB
VmallocTotal:   263061440 kB
VmallocUsed:      176244 kB
VmallocChunk:          0 kB
CmaTotal:         286720 kB
CmaFree:           16040 kB

SystemHeap:       393988 kB
SystemHeapPool:    94964 kB
VmallocAPIsize:   176212 kB
KgslSharedmem:    882452 kB
ZramDevice:       372808 kB


2022-12-21_19-27-08
run this app : ESPN

MemTotal:        7624232 kB
MemFree:          207828 kB
MemAvailable:    1664908 kB
Buffers:            2376 kB
Cached:          1794996 kB
SwapCached:        86580 kB
Active:          2804420 kB
Inactive:        1458972 kB
Active(anon):    2306912 kB
Inactive(anon):   579076 kB
Active(file):     497508 kB
Inactive(file):   879896 kB
Unevictable:       77300 kB
Mlocked:           77300 kB
RbinTotal:        327680 kB
RbinAlloced:        5128 kB
RbinPool:              0 kB
RbinFree:           5044 kB
RbinCached:       317436 kB
SwapTotal:       4194300 kB
SwapFree:        2933756 kB
Dirty:              1712 kB
Writeback:             0 kB
AnonPages:       2855852 kB
Mapped:          1514180 kB
Shmem:             26096 kB
KReclaimable:      96044 kB
Slab:             384660 kB
SReclaimable:      94852 kB
SUnreclaim:       289808 kB
KernelStack:       91088 kB
PageTables:       144392 kB
NFS_Unstable:          0 kB
Bounce:                0 kB
WritebackTmp:          0 kB
CommitLimit:     7842576 kB
Committed_AS:   232230596 kB
VmallocTotal:   263061440 kB
VmallocUsed:      178140 kB
VmallocChunk:          0 kB
CmaTotal:         286720 kB
CmaFree:           11544 kB

SystemHeap:       512068 kB
SystemHeapPool:        0 kB
VmallocAPIsize:   178140 kB
KgslSharedmem:    911184 kB
ZramDevice:       386512 kB


2022-12-21_19-27-26
run this app : ZARA

MemTotal:        7624232 kB
MemFree:          207516 kB
MemAvailable:    1560580 kB
Buffers:            1924 kB
Cached:          1684840 kB
SwapCached:        87044 kB
Active:          2803160 kB
Inactive:        1327252 kB
Active(anon):    2291292 kB
Inactive(anon):   572484 kB
Active(file):     511868 kB
Inactive(file):   754768 kB
Unevictable:       77300 kB
Mlocked:           77300 kB
RbinTotal:        327680 kB
RbinAlloced:        5128 kB
RbinPool:              0 kB
RbinFree:              0 kB
RbinCached:       322552 kB
SwapTotal:       4194300 kB
SwapFree:        2820860 kB
Dirty:              4888 kB
Writeback:             0 kB
AnonPages:       2838584 kB
Mapped:          1387468 kB
Shmem:             21100 kB
KReclaimable:      99316 kB
Slab:             384304 kB
SReclaimable:      94968 kB
SUnreclaim:       289336 kB
KernelStack:       90688 kB
PageTables:       143948 kB
NFS_Unstable:          0 kB
Bounce:                0 kB
WritebackTmp:          0 kB
CommitLimit:     7842576 kB
Committed_AS:   230501796 kB
VmallocTotal:   263061440 kB
VmallocUsed:      177952 kB
VmallocChunk:          0 kB
CmaTotal:         286720 kB
CmaFree:               0 kB

SystemHeap:       510468 kB
SystemHeapPool:     3988 kB
VmallocAPIsize:   177952 kB
KgslSharedmem:    999548 kB
ZramDevice:       427852 kB


2022-12-21_19-27-43
run this app : TikTok

MemTotal:        7624232 kB
MemFree:          278412 kB
MemAvailable:    1549948 kB
Buffers:            2272 kB
Cached:          1589828 kB
SwapCached:       102696 kB
Active:          2692168 kB
Inactive:        1204268 kB
Active(anon):    2169596 kB
Inactive(anon):   549104 kB
Active(file):     522572 kB
Inactive(file):   655164 kB
Unevictable:       77300 kB
Mlocked:           77300 kB
RbinTotal:        327680 kB
RbinAlloced:        5128 kB
RbinPool:              0 kB
RbinFree:           5764 kB
RbinCached:       316788 kB
SwapTotal:       4194300 kB
SwapFree:        2736124 kB
Dirty:              2024 kB
Writeback:             0 kB
AnonPages:       2682920 kB
Mapped:          1362176 kB
Shmem:             21152 kB
KReclaimable:     125592 kB
Slab:             377856 kB
SReclaimable:      95464 kB
SUnreclaim:       282392 kB
KernelStack:       86816 kB
PageTables:       127304 kB
NFS_Unstable:          0 kB
Bounce:                0 kB
WritebackTmp:          0 kB
CommitLimit:     7842576 kB
Committed_AS:   190754796 kB
VmallocTotal:   263061440 kB
VmallocUsed:      173884 kB
VmallocChunk:          0 kB
CmaTotal:         286720 kB
CmaFree:            9592 kB

SystemHeap:       709688 kB
SystemHeapPool:     2876 kB
VmallocAPIsize:   173852 kB
KgslSharedmem:    938328 kB
ZramDevice:       456532 kB


2022-12-21_19-27-59
run this app : SoundCloud

MemTotal:        7624232 kB
MemFree:          168492 kB
MemAvailable:    2050620 kB
Buffers:            2392 kB
Cached:          1879476 kB
SwapCached:       167728 kB
Active:          2791792 kB
Inactive:        1219504 kB
Active(anon):    2180288 kB
Inactive(anon):   359684 kB
Active(file):     611504 kB
Inactive(file):   859820 kB
Unevictable:       77300 kB
Mlocked:           77300 kB
RbinTotal:        327680 kB
RbinAlloced:        5128 kB
RbinPool:              0 kB
RbinFree:           8780 kB
RbinCached:       313672 kB
SwapTotal:       4194300 kB
SwapFree:        2838268 kB
Dirty:              5740 kB
Writeback:             0 kB
AnonPages:       2505016 kB
Mapped:          1448444 kB
Shmem:             20208 kB
KReclaimable:     512856 kB
Slab:             386132 kB
SReclaimable:     103488 kB
SUnreclaim:       282644 kB
KernelStack:       84336 kB
PageTables:       126772 kB
NFS_Unstable:          0 kB
Bounce:                0 kB
WritebackTmp:          0 kB
CommitLimit:     7842576 kB
Committed_AS:   194211352 kB
VmallocTotal:   263061440 kB
VmallocUsed:      171176 kB
VmallocChunk:          0 kB
CmaTotal:         286720 kB
CmaFree:            6220 kB

SystemHeap:       544328 kB
SystemHeapPool:   223476 kB
VmallocAPIsize:   171160 kB
KgslSharedmem:    783728 kB
ZramDevice:       394224 kB


2022-12-21_19-28-16
run this app : Starbucks

MemTotal:        7624232 kB
MemFree:          280284 kB
MemAvailable:    2444760 kB
Buffers:            2392 kB
Cached:          1947784 kB
SwapCached:       182912 kB
Active:          2701068 kB
Inactive:        1236472 kB
Active(anon):    2088576 kB
Inactive(anon):   301972 kB
Active(file):     612492 kB
Inactive(file):   934500 kB
Unevictable:       77300 kB
Mlocked:           77300 kB
RbinTotal:        327680 kB
RbinAlloced:        5128 kB
RbinPool:              0 kB
RbinFree:          17824 kB
RbinCached:       304728 kB
SwapTotal:       4194300 kB
SwapFree:        2861052 kB
Dirty:              3936 kB
Writeback:             0 kB
AnonPages:       2353832 kB
Mapped:          1280984 kB
Shmem:             21992 kB
KReclaimable:     728480 kB
Slab:             384636 kB
SReclaimable:     103400 kB
SUnreclaim:       281236 kB
KernelStack:       81392 kB
PageTables:       124904 kB
NFS_Unstable:          0 kB
Bounce:                0 kB
WritebackTmp:          0 kB
CommitLimit:     7842576 kB
Committed_AS:   193813160 kB
VmallocTotal:   263061440 kB
VmallocUsed:      167996 kB
VmallocChunk:          0 kB
CmaTotal:         286720 kB
CmaFree:           27944 kB

SystemHeap:       516700 kB
SystemHeapPool:   260000 kB
VmallocAPIsize:   167980 kB
KgslSharedmem:    577580 kB
ZramDevice:       397672 kB


2022-12-21_19-28-32
run this app : Word

MemTotal:        7624232 kB
MemFree:          171908 kB
MemAvailable:    2407444 kB
Buffers:            2716 kB
Cached:          2120120 kB
SwapCached:       184016 kB
Active:          2751420 kB
Inactive:        1396284 kB
Active(anon):    2044268 kB
Inactive(anon):   389316 kB
Active(file):     707152 kB
Inactive(file):  1006968 kB
Unevictable:       77300 kB
Mlocked:           77300 kB
RbinTotal:        327680 kB
RbinAlloced:        5128 kB
RbinPool:              0 kB
RbinFree:          10508 kB
RbinCached:       312044 kB
SwapTotal:       4194300 kB
SwapFree:        2863612 kB
Dirty:               504 kB
Writeback:             0 kB
AnonPages:       2398672 kB
Mapped:          1356360 kB
Shmem:             20160 kB
KReclaimable:     625096 kB
Slab:             384832 kB
SReclaimable:     103644 kB
SUnreclaim:       281188 kB
KernelStack:       81216 kB
PageTables:       125696 kB
NFS_Unstable:          0 kB
Bounce:                0 kB
WritebackTmp:          0 kB
CommitLimit:     7842576 kB
Committed_AS:   193918424 kB
VmallocTotal:   263061440 kB
VmallocUsed:      167820 kB
VmallocChunk:          0 kB
CmaTotal:         286720 kB
CmaFree:             700 kB

SystemHeap:       516700 kB
SystemHeapPool:   216928 kB
VmallocAPIsize:   167820 kB
KgslSharedmem:    568512 kB
ZramDevice:       389476 kB


2022-12-21_19-28-49
run this app : Internet

MemTotal:        7624232 kB
MemFree:          187100 kB
MemAvailable:    2087644 kB
Buffers:            2572 kB
Cached:          2174312 kB
SwapCached:       185624 kB
Active:          2830584 kB
Inactive:        1487160 kB
Active(anon):    2054468 kB
Inactive(anon):   507232 kB
Active(file):     776116 kB
Inactive(file):   979928 kB
Unevictable:       77300 kB
Mlocked:           77300 kB
RbinTotal:        327680 kB
RbinAlloced:        5128 kB
RbinPool:              0 kB
RbinFree:             64 kB
RbinCached:       322416 kB
SwapTotal:       4194300 kB
SwapFree:        2845180 kB
Dirty:              1468 kB
Writeback:             0 kB
AnonPages:       2525340 kB
Mapped:          1423468 kB
Shmem:             21644 kB
KReclaimable:     215732 kB
Slab:             385376 kB
SReclaimable:     103328 kB
SUnreclaim:       282048 kB
KernelStack:       82720 kB
PageTables:       129884 kB
NFS_Unstable:          0 kB
Bounce:                0 kB
WritebackTmp:          0 kB
CommitLimit:     7842576 kB
Committed_AS:   200373700 kB
VmallocTotal:   263061440 kB
VmallocUsed:      169480 kB
VmallocChunk:          0 kB
CmaTotal:         286720 kB
CmaFree:             220 kB

SystemHeap:       634536 kB
SystemHeapPool:    35996 kB
VmallocAPIsize:   169464 kB
KgslSharedmem:    659860 kB
ZramDevice:       389880 kB


2022-12-21_19-29-05
run this app : TVING

MemTotal:        7624232 kB
MemFree:          188184 kB
MemAvailable:    2149768 kB
Buffers:            2656 kB
Cached:          2161536 kB
SwapCached:       184564 kB
Active:          2883848 kB
Inactive:        1480600 kB
Active(anon):    2074348 kB
Inactive(anon):   528728 kB
Active(file):     809500 kB
Inactive(file):   951872 kB
Unevictable:       77300 kB
Mlocked:           77300 kB
RbinTotal:        327680 kB
RbinAlloced:        5128 kB
RbinPool:              0 kB
RbinFree:          16808 kB
RbinCached:       305604 kB
SwapTotal:       4194300 kB
SwapFree:        2849020 kB
Dirty:              1016 kB
Writeback:             0 kB
AnonPages:       2567500 kB
Mapped:          1435168 kB
Shmem:             20680 kB
KReclaimable:     310332 kB
Slab:             385792 kB
SReclaimable:     103080 kB
SUnreclaim:       282712 kB
KernelStack:       82764 kB
PageTables:       130748 kB
NFS_Unstable:          0 kB
Bounce:                0 kB
WritebackTmp:          0 kB
CommitLimit:     7842576 kB
Committed_AS:   202357880 kB
VmallocTotal:   263061440 kB
VmallocUsed:      169472 kB
VmallocChunk:          0 kB
CmaTotal:         286720 kB
CmaFree:            1072 kB

SystemHeap:       518524 kB
SystemHeapPool:   140360 kB
VmallocAPIsize:   169456 kB
KgslSharedmem:    649760 kB
ZramDevice:       390024 kB


2022-12-21_19-29-22
run this app : Camera

MemTotal:        7624232 kB
MemFree:          179096 kB
MemAvailable:    1540680 kB
Buffers:            2616 kB
Cached:          1680516 kB
SwapCached:       184860 kB
Active:          2978164 kB
Inactive:        1381292 kB
Active(anon):    2222064 kB
Inactive(anon):   554688 kB
Active(file):     756100 kB
Inactive(file):   826604 kB
Unevictable:       77300 kB
Mlocked:           77300 kB
RbinTotal:        327680 kB
RbinAlloced:      317940 kB
RbinPool:              0 kB
RbinFree:           9740 kB
RbinCached:            0 kB
SwapTotal:       4194300 kB
SwapFree:        2855420 kB
Dirty:              2704 kB
Writeback:             0 kB
AnonPages:       2738528 kB
Mapped:          1373476 kB
Shmem:             23892 kB
KReclaimable:     129324 kB
Slab:             386180 kB
SReclaimable:     102888 kB
SUnreclaim:       283292 kB
KernelStack:       83920 kB
PageTables:       132624 kB
NFS_Unstable:          0 kB
Bounce:                0 kB
WritebackTmp:          0 kB
CommitLimit:     7842576 kB
Committed_AS:   204760452 kB
VmallocTotal:   263061440 kB
VmallocUsed:      170828 kB
VmallocChunk:          0 kB
CmaTotal:         286720 kB
CmaFree:            4828 kB

SystemHeap:       610748 kB
SystemHeapPool:    22792 kB
VmallocAPIsize:   170828 kB
KgslSharedmem:    718808 kB
ZramDevice:       392212 kB


2022-12-21_19-29-38
run this app : Snapseed

MemTotal:        7624232 kB
MemFree:          572408 kB
MemAvailable:    2070580 kB
Buffers:            2636 kB
Cached:          1671812 kB
SwapCached:       184692 kB
Active:          2906940 kB
Inactive:        1328952 kB
Active(anon):    2098684 kB
Inactive(anon):   558732 kB
Active(file):     808256 kB
Inactive(file):   770220 kB
Unevictable:       77300 kB
Mlocked:           77300 kB
RbinTotal:        327680 kB
RbinAlloced:        5128 kB
RbinPool:              0 kB
RbinFree:         322552 kB
RbinCached:            0 kB
SwapTotal:       4194300 kB
SwapFree:        2851836 kB
Dirty:               880 kB
Writeback:             0 kB
AnonPages:       2623496 kB
Mapped:          1353396 kB
Shmem:             19476 kB
KReclaimable:     335420 kB
Slab:             385892 kB
SReclaimable:     101356 kB
SUnreclaim:       284536 kB
KernelStack:       84480 kB
PageTables:       134616 kB
NFS_Unstable:          0 kB
Bounce:                0 kB
WritebackTmp:          0 kB
CommitLimit:     7842576 kB
Committed_AS:   208849512 kB
VmallocTotal:   263061440 kB
VmallocUsed:      171244 kB
VmallocChunk:          0 kB
CmaTotal:         286720 kB
CmaFree:           11480 kB

SystemHeap:       518604 kB
SystemHeapPool:   175812 kB
VmallocAPIsize:   171228 kB
KgslSharedmem:    661600 kB
ZramDevice:       391740 kB


2022-12-21_19-29-55
run this app : Filmora

MemTotal:        7624232 kB
MemFree:          493544 kB
MemAvailable:    1973740 kB
Buffers:            2636 kB
Cached:          1740620 kB
SwapCached:       184580 kB
Active:          2995256 kB
Inactive:        1383600 kB
Active(anon):    2186912 kB
Inactive(anon):   545100 kB
Active(file):     808344 kB
Inactive(file):   838500 kB
Unevictable:       77300 kB
Mlocked:           77300 kB
RbinTotal:        327680 kB
RbinAlloced:        5128 kB
RbinPool:              0 kB
RbinFree:         322500 kB
RbinCached:           52 kB
SwapTotal:       4194300 kB
SwapFree:        2853884 kB
Dirty:              1276 kB
Writeback:            16 kB
AnonPages:       2698056 kB
Mapped:          1429480 kB
Shmem:             19820 kB
KReclaimable:     238164 kB
Slab:             386504 kB
SReclaimable:     101108 kB
SUnreclaim:       285396 kB
KernelStack:       87056 kB
PageTables:       136364 kB
NFS_Unstable:          0 kB
Bounce:                0 kB
WritebackTmp:          0 kB
CommitLimit:     7842576 kB
Committed_AS:   211053640 kB
VmallocTotal:   263061440 kB
VmallocUsed:      173892 kB
VmallocChunk:          0 kB
CmaTotal:         286720 kB
CmaFree:             404 kB

SystemHeap:       518604 kB
SystemHeapPool:   109928 kB
VmallocAPIsize:   173892 kB
KgslSharedmem:    688844 kB
ZramDevice:       391624 kB


2022-12-21_19-30-12
run this app : YT Music

MemTotal:        7624232 kB
MemFree:          489276 kB
MemAvailable:    1925744 kB
Buffers:            2564 kB
Cached:          1715312 kB
SwapCached:       175748 kB
Active:          3009572 kB
Inactive:        1381288 kB
Active(anon):    2219056 kB
Inactive(anon):   556020 kB
Active(file):     790516 kB
Inactive(file):   825268 kB
Unevictable:       77300 kB
Mlocked:           77300 kB
RbinTotal:        327680 kB
RbinAlloced:        5128 kB
RbinPool:              0 kB
RbinFree:         316136 kB
RbinCached:         6416 kB
SwapTotal:       4194300 kB
SwapFree:        2843388 kB
Dirty:              4984 kB
Writeback:             0 kB
AnonPages:       2751776 kB
Mapped:          1427964 kB
Shmem:             19236 kB
KReclaimable:     200104 kB
Slab:             384528 kB
SReclaimable:      99864 kB
SUnreclaim:       284664 kB
KernelStack:       87504 kB
PageTables:       136864 kB
NFS_Unstable:          0 kB
Bounce:                0 kB
WritebackTmp:          0 kB
CommitLimit:     7842576 kB
Committed_AS:   211136164 kB
VmallocTotal:   263061440 kB
VmallocUsed:      174328 kB
VmallocChunk:          0 kB
CmaTotal:         286720 kB
CmaFree:             784 kB

SystemHeap:       518604 kB
SystemHeapPool:    80656 kB
VmallocAPIsize:   174360 kB
KgslSharedmem:    710180 kB
ZramDevice:       391400 kB


2022-12-21_19-30-29
run this app : AliExpress

MemTotal:        7624232 kB
MemFree:          518072 kB
MemAvailable:    1928352 kB
Buffers:            2564 kB
Cached:          1691172 kB
SwapCached:       187316 kB
Active:          2915212 kB
Inactive:        1362460 kB
Active(anon):    2165624 kB
Inactive(anon):   538460 kB
Active(file):     749588 kB
Inactive(file):   824000 kB
Unevictable:       77300 kB
Mlocked:           77300 kB
RbinTotal:        327680 kB
RbinAlloced:        5128 kB
RbinPool:              0 kB
RbinFree:         298300 kB
RbinCached:        24180 kB
SwapTotal:       4194300 kB
SwapFree:        2732796 kB
Dirty:               768 kB
Writeback:             0 kB
AnonPages:       2680632 kB
Mapped:          1427112 kB
Shmem:             19540 kB
KReclaimable:     196588 kB
Slab:             383456 kB
SReclaimable:      98616 kB
SUnreclaim:       284840 kB
KernelStack:       88272 kB
PageTables:       137876 kB
NFS_Unstable:          0 kB
Bounce:                0 kB
WritebackTmp:          0 kB
CommitLimit:     7842576 kB
Committed_AS:   213256208 kB
VmallocTotal:   263061440 kB
VmallocUsed:      175188 kB
VmallocChunk:          0 kB
CmaTotal:         286720 kB
CmaFree:            6588 kB

SystemHeap:       518604 kB
SystemHeapPool:    76136 kB
VmallocAPIsize:   175172 kB
KgslSharedmem:    751128 kB
ZramDevice:       416956 kB


2022-12-21_19-30-46
run this app : Subway Surf

MemTotal:        7624232 kB
MemFree:          413252 kB
MemAvailable:    2152808 kB
Buffers:            2492 kB
Cached:          1950952 kB
SwapCached:       200320 kB
Active:          3081940 kB
Inactive:        1428200 kB
Active(anon):    2291276 kB
Inactive(anon):   449808 kB
Active(file):     790664 kB
Inactive(file):   978392 kB
Unevictable:       77300 kB
Mlocked:           77300 kB
RbinTotal:        327680 kB
RbinAlloced:        5128 kB
RbinPool:              0 kB
RbinFree:         234536 kB
RbinCached:        88012 kB
SwapTotal:       4194300 kB
SwapFree:        2718460 kB
Dirty:              2976 kB
Writeback:             0 kB
AnonPages:       2715524 kB
Mapped:          1419412 kB
Shmem:             19948 kB
KReclaimable:     298212 kB
Slab:             382316 kB
SReclaimable:      98332 kB
SUnreclaim:       283984 kB
KernelStack:       89632 kB
PageTables:       139556 kB
NFS_Unstable:          0 kB
Bounce:                0 kB
WritebackTmp:          0 kB
CommitLimit:     7842576 kB
Committed_AS:   216777368 kB
VmallocTotal:   263061440 kB
VmallocUsed:      176396 kB
VmallocChunk:          0 kB
CmaTotal:         286720 kB
CmaFree:            1704 kB

SystemHeap:       490460 kB
SystemHeapPool:    34272 kB
VmallocAPIsize:   176364 kB
KgslSharedmem:    480340 kB
ZramDevice:       420180 kB


2022-12-21_19-31-07
run this app : Flip Diving

MemTotal:        7624232 kB
MemFree:          340528 kB
MemAvailable:    1913412 kB
Buffers:            1572 kB
Cached:          1833212 kB
SwapCached:       206340 kB
Active:          2937132 kB
Inactive:        1388380 kB
Active(anon):    2198396 kB
Inactive(anon):   555452 kB
Active(file):     738736 kB
Inactive(file):   832928 kB
Unevictable:       77284 kB
Mlocked:           77284 kB
RbinTotal:        327680 kB
RbinAlloced:        5128 kB
RbinPool:              0 kB
RbinFree:         155636 kB
RbinCached:       166708 kB
SwapTotal:       4194300 kB
SwapFree:        2540540 kB
Dirty:              4268 kB
Writeback:             0 kB
AnonPages:       2729916 kB
Mapped:          1239348 kB
Shmem:             19904 kB
KReclaimable:     240588 kB
Slab:             381828 kB
SReclaimable:      95716 kB
SUnreclaim:       286112 kB
KernelStack:       91552 kB
PageTables:       141000 kB
NFS_Unstable:          0 kB
Bounce:                0 kB
WritebackTmp:          0 kB
CommitLimit:     7842576 kB
Committed_AS:   217162808 kB
VmallocTotal:   263061440 kB
VmallocUsed:      178204 kB
VmallocChunk:          0 kB
CmaTotal:         286720 kB
CmaFree:           17644 kB

SystemHeap:       689704 kB
SystemHeapPool:     2196 kB
VmallocAPIsize:   178188 kB
KgslSharedmem:    453544 kB
ZramDevice:       480712 kB


2022-12-21_19-31-24
run this app : Fit The Fat 3

MemTotal:        7624232 kB
MemFree:          180284 kB
MemAvailable:    1535524 kB
Buffers:            1464 kB
Cached:          1686624 kB
SwapCached:       242388 kB
Active:          2894860 kB
Inactive:        1274732 kB
Active(anon):    2226536 kB
Inactive(anon):   556328 kB
Active(file):     668324 kB
Inactive(file):   718404 kB
Unevictable:       77284 kB
Mlocked:           77284 kB
RbinTotal:        327680 kB
RbinAlloced:        5128 kB
RbinPool:              0 kB
RbinFree:         119264 kB
RbinCached:       203456 kB
SwapTotal:       4194300 kB
SwapFree:        2260220 kB
Dirty:              7892 kB
Writeback:            44 kB
AnonPages:       2757672 kB
Mapped:          1244484 kB
Shmem:             20972 kB
KReclaimable:     101680 kB
Slab:             384292 kB
SReclaimable:      95140 kB
SUnreclaim:       289152 kB
KernelStack:       94784 kB
PageTables:       144752 kB
NFS_Unstable:          0 kB
Bounce:                0 kB
WritebackTmp:          0 kB
CommitLimit:     7842576 kB
Committed_AS:   219841168 kB
VmallocTotal:   263061440 kB
VmallocUsed:      181548 kB
VmallocChunk:          0 kB
CmaTotal:         286720 kB
CmaFree:             216 kB

SystemHeap:       922328 kB
SystemHeapPool:        0 kB
VmallocAPIsize:   181548 kB
KgslSharedmem:    547772 kB
ZramDevice:       588264 kB


2022-12-21_19-31-41
run this app : Asphalt 9

MemTotal:        7624232 kB
MemFree:          224632 kB
MemAvailable:    1481816 kB
Buffers:            2164 kB
Cached:          1586416 kB
SwapCached:       249556 kB
Active:          2511632 kB
Inactive:        1264908 kB
Active(anon):    2025940 kB
Inactive(anon):   509404 kB
Active(file):     485692 kB
Inactive(file):   755504 kB
Unevictable:       77284 kB
Mlocked:           77284 kB
RbinTotal:        327680 kB
RbinAlloced:        5128 kB
RbinPool:              0 kB
RbinFree:          69040 kB
RbinCached:       253512 kB
SwapTotal:       4194300 kB
SwapFree:        2087420 kB
Dirty:              2156 kB
Writeback:             0 kB
AnonPages:       2514116 kB
Mapped:          1201680 kB
Shmem:             17416 kB
KReclaimable:      96520 kB
Slab:             386208 kB
SReclaimable:      93912 kB
SUnreclaim:       292296 kB
KernelStack:       94432 kB
PageTables:       144232 kB
NFS_Unstable:          0 kB
Bounce:                0 kB
WritebackTmp:          0 kB
CommitLimit:     7842576 kB
Committed_AS:   217528360 kB
VmallocTotal:   263061440 kB
VmallocUsed:      181220 kB
VmallocChunk:          0 kB
CmaTotal:         286720 kB
CmaFree:             632 kB

SystemHeap:       981252 kB
SystemHeapPool:     2608 kB
VmallocAPIsize:   181204 kB
KgslSharedmem:    733204 kB
ZramDevice:       613652 kB


2022-12-21_19-31-58
run this app : Disney+

MemTotal:        7624232 kB
MemFree:          235952 kB
MemAvailable:    1974028 kB
Buffers:            2240 kB
Cached:          1616928 kB
SwapCached:       226196 kB
Active:          2478660 kB
Inactive:        1282188 kB
Active(anon):    1981096 kB
Inactive(anon):   523744 kB
Active(file):     497564 kB
Inactive(file):   758444 kB
Unevictable:       77284 kB
Mlocked:           77284 kB
RbinTotal:        327680 kB
RbinAlloced:        5128 kB
RbinPool:              0 kB
RbinFree:          51504 kB
RbinCached:       271048 kB
SwapTotal:       4194300 kB
SwapFree:        2475772 kB
Dirty:              1520 kB
Writeback:             0 kB
AnonPages:       2485240 kB
Mapped:          1160856 kB
Shmem:             15664 kB
KReclaimable:     626744 kB
Slab:             386552 kB
SReclaimable:      94584 kB
SUnreclaim:       291968 kB
KernelStack:       85536 kB
PageTables:       132456 kB
NFS_Unstable:          0 kB
Bounce:                0 kB
WritebackTmp:          0 kB
CommitLimit:     7842576 kB
Committed_AS:   204178148 kB
VmallocTotal:   263061440 kB
VmallocUsed:      172144 kB
VmallocChunk:          0 kB
CmaTotal:         286720 kB
CmaFree:           22196 kB

SystemHeap:       642696 kB
SystemHeapPool:   421640 kB
VmallocAPIsize:   172112 kB
KgslSharedmem:    679096 kB
ZramDevice:       489028 kB


2022-12-21_19-32-17
run this app : Netflix

MemTotal:        7624232 kB
MemFree:          237516 kB
MemAvailable:    1846664 kB
Buffers:            2280 kB
Cached:          1841012 kB
SwapCached:       226336 kB
Active:          2613692 kB
Inactive:        1452212 kB
Active(anon):    2055396 kB
Inactive(anon):   515920 kB
Active(file):     558296 kB
Inactive(file):   936292 kB
Unevictable:       77284 kB
Mlocked:           77284 kB
RbinTotal:        327680 kB
RbinAlloced:        5128 kB
RbinPool:              0 kB
RbinFree:          66952 kB
RbinCached:       255848 kB
SwapTotal:       4194300 kB
SwapFree:        2629628 kB
Dirty:               512 kB
Writeback:             0 kB
AnonPages:       2551180 kB
Mapped:          1339892 kB
Shmem:             16224 kB
KReclaimable:     274436 kB
Slab:             386700 kB
SReclaimable:      96336 kB
SUnreclaim:       290364 kB
KernelStack:       83824 kB
PageTables:       130900 kB
NFS_Unstable:          0 kB
Bounce:                0 kB
WritebackTmp:          0 kB
CommitLimit:     7842576 kB
Committed_AS:   201914152 kB
VmallocTotal:   263061440 kB
VmallocUsed:      170632 kB
VmallocChunk:          0 kB
CmaTotal:         286720 kB
CmaFree:            2168 kB

SystemHeap:       658728 kB
SystemHeapPool:   171012 kB
VmallocAPIsize:   170632 kB
KgslSharedmem:    756896 kB
ZramDevice:       459848 kB


2022-12-21_19-32-36
run this app : YouTube

MemTotal:        7624232 kB
MemFree:          256320 kB
MemAvailable:    1913756 kB
Buffers:            2336 kB
Cached:          1911288 kB
SwapCached:       223440 kB
Active:          2622204 kB
Inactive:        1547316 kB
Active(anon):    2065516 kB
Inactive(anon):   525980 kB
Active(file):     556688 kB
Inactive(file):  1021336 kB
Unevictable:       77284 kB
Mlocked:           77284 kB
RbinTotal:        327680 kB
RbinAlloced:        5128 kB
RbinPool:              0 kB
RbinFree:          81008 kB
RbinCached:       241544 kB
SwapTotal:       4194300 kB
SwapFree:        2701308 kB
Dirty:              4860 kB
Writeback:             0 kB
AnonPages:       2570064 kB
Mapped:          1366148 kB
Shmem:             17600 kB
KReclaimable:     247272 kB
Slab:             386488 kB
SReclaimable:      96608 kB
SUnreclaim:       289880 kB
KernelStack:       85328 kB
PageTables:       128680 kB
NFS_Unstable:          0 kB
Bounce:                0 kB
WritebackTmp:          0 kB
CommitLimit:     7842576 kB
Committed_AS:   197689956 kB
VmallocTotal:   263061440 kB
VmallocUsed:      171920 kB
VmallocChunk:          0 kB
CmaTotal:         286720 kB
CmaFree:            4804 kB

SystemHeap:       673476 kB
SystemHeapPool:    92748 kB
VmallocAPIsize:   171920 kB
KgslSharedmem:    691996 kB
ZramDevice:       428732 kB


2022-12-21_19-32-55
run this app : ESPN

MemTotal:        7624232 kB
MemFree:          258216 kB
MemAvailable:    1777840 kB
Buffers:            2340 kB
Cached:          1834196 kB
SwapCached:       182436 kB
Active:          2688176 kB
Inactive:        1522628 kB
Active(anon):    2167292 kB
Inactive(anon):   546484 kB
Active(file):     520884 kB
Inactive(file):   976144 kB
Unevictable:       77284 kB
Mlocked:           77284 kB
RbinTotal:        327680 kB
RbinAlloced:        5128 kB
RbinPool:              0 kB
RbinFree:          81476 kB
RbinCached:       241076 kB
SwapTotal:       4194300 kB
SwapFree:        2739708 kB
Dirty:              3912 kB
Writeback:             0 kB
AnonPages:       2686848 kB
Mapped:          1429536 kB
Shmem:             22016 kB
KReclaimable:     134604 kB
Slab:             385904 kB
SReclaimable:      96340 kB
SUnreclaim:       289564 kB
KernelStack:       86864 kB
PageTables:       128576 kB
NFS_Unstable:          0 kB
Bounce:                0 kB
WritebackTmp:          0 kB
CommitLimit:     7842576 kB
Committed_AS:   195747244 kB
VmallocTotal:   263061440 kB
VmallocUsed:      173396 kB
VmallocChunk:          0 kB
CmaTotal:         286720 kB
CmaFree:            1564 kB

SystemHeap:       792092 kB
SystemHeapPool:       64 kB
VmallocAPIsize:   173412 kB
KgslSharedmem:    647436 kB
ZramDevice:       426196 kB


2022-12-21_19-33-14
run this app : ZARA

MemTotal:        7624232 kB
MemFree:          158128 kB
MemAvailable:    1477540 kB
Buffers:            1668 kB
Cached:          1651348 kB
SwapCached:       182120 kB
Active:          2795896 kB
Inactive:        1307676 kB
Active(anon):    2284252 kB
Inactive(anon):   570348 kB
Active(file):     511644 kB
Inactive(file):   737328 kB
Unevictable:       77284 kB
Mlocked:           77284 kB
RbinTotal:        327680 kB
RbinAlloced:        5128 kB
RbinPool:              0 kB
RbinFree:          14852 kB
RbinCached:       308164 kB
SwapTotal:       4194300 kB
SwapFree:        2632444 kB
Dirty:              1368 kB
Writeback:             0 kB
AnonPages:       2831504 kB
Mapped:          1450048 kB
Shmem:             18968 kB
KReclaimable:      96116 kB
Slab:             382792 kB
SReclaimable:      94660 kB
SUnreclaim:       288132 kB
KernelStack:       88056 kB
PageTables:       130696 kB
NFS_Unstable:          0 kB
Bounce:                0 kB
WritebackTmp:          0 kB
CommitLimit:     7842576 kB
Committed_AS:   198164352 kB
VmallocTotal:   263061440 kB
VmallocUsed:      175012 kB
VmallocChunk:          0 kB
CmaTotal:         286720 kB
CmaFree:             224 kB

SystemHeap:       774460 kB
SystemHeapPool:      656 kB
VmallocAPIsize:   175012 kB
KgslSharedmem:    810128 kB
ZramDevice:       461256 kB


2022-12-21_19-33-33
run this app : TikTok

MemTotal:        7624232 kB
MemFree:          190672 kB
MemAvailable:    1542704 kB
Buffers:            1760 kB
Cached:          1658160 kB
SwapCached:       190280 kB
Active:          2636588 kB
Inactive:        1283572 kB
Active(anon):    2117916 kB
Inactive(anon):   550824 kB
Active(file):     518672 kB
Inactive(file):   732748 kB
Unevictable:       77284 kB
Mlocked:           77284 kB
RbinTotal:        327680 kB
RbinAlloced:        5128 kB
RbinPool:              0 kB
RbinFree:           9800 kB
RbinCached:       312752 kB
SwapTotal:       4194300 kB
SwapFree:        2518268 kB
Dirty:              1564 kB
Writeback:             0 kB
AnonPages:       2645240 kB
Mapped:          1395012 kB
Shmem:             19200 kB
KReclaimable:     147284 kB
Slab:             381744 kB
SReclaimable:      94284 kB
SUnreclaim:       287460 kB
KernelStack:       88992 kB
PageTables:       131188 kB
NFS_Unstable:          0 kB
Bounce:                0 kB
WritebackTmp:          0 kB
CommitLimit:     7842576 kB
Committed_AS:   198258632 kB
VmallocTotal:   263061440 kB
VmallocUsed:      175732 kB
VmallocChunk:          0 kB
CmaTotal:         286720 kB
CmaFree:            3064 kB

SystemHeap:       882940 kB
SystemHeapPool:    18576 kB
VmallocAPIsize:   175716 kB
KgslSharedmem:    747168 kB
ZramDevice:       504844 kB


2022-12-21_19-33-52
run this app : SoundCloud

MemTotal:        7624232 kB
MemFree:          177504 kB
MemAvailable:    1596872 kB
Buffers:            2180 kB
Cached:          1679244 kB
SwapCached:       178520 kB
Active:          2701784 kB
Inactive:        1208512 kB
Active(anon):    2106268 kB
Inactive(anon):   540440 kB
Active(file):     595516 kB
Inactive(file):   668072 kB
Unevictable:       77284 kB
Mlocked:           77284 kB
RbinTotal:        327680 kB
RbinAlloced:        5128 kB
RbinPool:              0 kB
RbinFree:            200 kB
RbinCached:       322352 kB
SwapTotal:       4194300 kB
SwapFree:        2596348 kB
Dirty:              9352 kB
Writeback:             0 kB
AnonPages:       2623596 kB
Mapped:          1344680 kB
Shmem:             19076 kB
KReclaimable:     238424 kB
Slab:             383728 kB
SReclaimable:      95704 kB
SUnreclaim:       288024 kB
KernelStack:       86456 kB
PageTables:       130032 kB
NFS_Unstable:          0 kB
Bounce:                0 kB
WritebackTmp:          0 kB
CommitLimit:     7842576 kB
Committed_AS:   198152868 kB
VmallocTotal:   263061440 kB
VmallocUsed:      173124 kB
VmallocChunk:          0 kB
CmaTotal:         286720 kB
CmaFree:            1480 kB

SystemHeap:       882800 kB
SystemHeapPool:    80024 kB
VmallocAPIsize:   173092 kB
KgslSharedmem:    686396 kB
ZramDevice:       493104 kB


2022-12-21_19-34-11
run this app : Starbucks

MemTotal:        7624232 kB
MemFree:          164292 kB
MemAvailable:    1794960 kB
Buffers:            2280 kB
Cached:          1805992 kB
SwapCached:       178260 kB
Active:          2736536 kB
Inactive:        1307000 kB
Active(anon):    2127088 kB
Inactive(anon):   520160 kB
Active(file):     609448 kB
Inactive(file):   786840 kB
Unevictable:       77284 kB
Mlocked:           77284 kB
RbinTotal:        327680 kB
RbinAlloced:        5128 kB
RbinPool:              0 kB
RbinFree:           7364 kB
RbinCached:       315188 kB
SwapTotal:       4194300 kB
SwapFree:        2906620 kB
Dirty:              1960 kB
Writeback:             0 kB
AnonPages:       2622796 kB
Mapped:          1338988 kB
Shmem:             20360 kB
KReclaimable:     334916 kB
Slab:             382680 kB
SReclaimable:      95780 kB
SUnreclaim:       286900 kB
KernelStack:       82528 kB
PageTables:       127692 kB
NFS_Unstable:          0 kB
Bounce:                0 kB
WritebackTmp:          0 kB
CommitLimit:     7842576 kB
Committed_AS:   197488844 kB
VmallocTotal:   263061440 kB
VmallocUsed:      169264 kB
VmallocChunk:          0 kB
CmaTotal:         286720 kB
CmaFree:             536 kB

SystemHeap:       733692 kB
SystemHeapPool:   229480 kB
VmallocAPIsize:   169264 kB
KgslSharedmem:    726036 kB
ZramDevice:       497972 kB


2022-12-21_19-34-29
run this app : Word

MemTotal:        7624232 kB
MemFree:          188128 kB
MemAvailable:    2329356 kB
Buffers:            2520 kB
Cached:          2010684 kB
SwapCached:       177140 kB
Active:          2869612 kB
Inactive:        1205160 kB
Active(anon):    2162680 kB
Inactive(anon):   304780 kB
Active(file):     706932 kB
Inactive(file):   900380 kB
Unevictable:       77284 kB
Mlocked:           77284 kB
RbinTotal:        327680 kB
RbinAlloced:        5128 kB
RbinPool:              0 kB
RbinFree:          10620 kB
RbinCached:       311932 kB
SwapTotal:       4194300 kB
SwapFree:        2913788 kB
Dirty:              1076 kB
Writeback:             0 kB
AnonPages:       2445680 kB
Mapped:          1409276 kB
Shmem:             17484 kB
KReclaimable:     637708 kB
Slab:             381220 kB
SReclaimable:      95856 kB
SUnreclaim:       285364 kB
KernelStack:       79152 kB
PageTables:       124880 kB
NFS_Unstable:          0 kB
Bounce:                0 kB
WritebackTmp:          0 kB
CommitLimit:     7842576 kB
Committed_AS:   194966068 kB
VmallocTotal:   263061440 kB
VmallocUsed:      165812 kB
VmallocChunk:          0 kB
CmaTotal:         286720 kB
CmaFree:            7876 kB

SystemHeap:       553436 kB
SystemHeapPool:   406184 kB
VmallocAPIsize:   165780 kB
KgslSharedmem:    606432 kB
ZramDevice:       361012 kB


2022-12-21_19-34-48
run this app : Internet

MemTotal:        7624232 kB
MemFree:          178556 kB
MemAvailable:    2031052 kB
Buffers:            2516 kB
Cached:          2158852 kB
SwapCached:       175100 kB
Active:          2890832 kB
Inactive:        1467012 kB
Active(anon):    2122024 kB
Inactive(anon):   484256 kB
Active(file):     768808 kB
Inactive(file):   982756 kB
Unevictable:       77284 kB
Mlocked:           77284 kB
RbinTotal:        327680 kB
RbinAlloced:        5128 kB
RbinPool:              0 kB
RbinFree:           8504 kB
RbinCached:       314048 kB
SwapTotal:       4194300 kB
SwapFree:        2912252 kB
Dirty:              1392 kB
Writeback:             8 kB
AnonPages:       2582960 kB
Mapped:          1509312 kB
Shmem:             19208 kB
KReclaimable:     145332 kB
Slab:             381920 kB
SReclaimable:      95424 kB
SUnreclaim:       286496 kB
KernelStack:       80544 kB
PageTables:       128652 kB
NFS_Unstable:          0 kB
Bounce:                0 kB
WritebackTmp:          0 kB
CommitLimit:     7842576 kB
Committed_AS:   199402556 kB
VmallocTotal:   263061440 kB
VmallocUsed:      167388 kB
VmallocChunk:          0 kB
CmaTotal:         286720 kB
CmaFree:            8568 kB

SystemHeap:       671272 kB
SystemHeapPool:    30300 kB
VmallocAPIsize:   167372 kB
KgslSharedmem:    697212 kB
ZramDevice:       359728 kB


2022-12-21_19-35-07
run this app : TVING

MemTotal:        7624232 kB
MemFree:          203704 kB
MemAvailable:    2083360 kB
Buffers:            2464 kB
Cached:          2097836 kB
SwapCached:       165736 kB
Active:          2821832 kB
Inactive:        1490596 kB
Active(anon):    2084164 kB
Inactive(anon):   535612 kB
Active(file):     737668 kB
Inactive(file):   954984 kB
Unevictable:       77284 kB
Mlocked:           77284 kB
RbinTotal:        327680 kB
RbinAlloced:        5128 kB
RbinPool:              0 kB
RbinFree:           9240 kB
RbinCached:       313312 kB
SwapTotal:       4194300 kB
SwapFree:        2905852 kB
Dirty:              2296 kB
Writeback:             0 kB
AnonPages:       2597744 kB
Mapped:          1495560 kB
Shmem:             17896 kB
KReclaimable:     289416 kB
Slab:             381568 kB
SReclaimable:      95320 kB
SUnreclaim:       286248 kB
KernelStack:       80688 kB
PageTables:       129604 kB
NFS_Unstable:          0 kB
Bounce:                0 kB
WritebackTmp:          0 kB
CommitLimit:     7842576 kB
Committed_AS:   201435140 kB
VmallocTotal:   263061440 kB
VmallocUsed:      167476 kB
VmallocChunk:          0 kB
CmaTotal:         286720 kB
CmaFree:            4172 kB

SystemHeap:       555260 kB
SystemHeapPool:   158664 kB
VmallocAPIsize:   167476 kB
KgslSharedmem:    686876 kB
ZramDevice:       361196 kB


2022-12-21_19-35-26
run this app : Camera

MemTotal:        7624232 kB
MemFree:          212280 kB
MemAvailable:    1463928 kB
Buffers:            2760 kB
Cached:          1572600 kB
SwapCached:       167272 kB
Active:          2927708 kB
Inactive:        1363752 kB
Active(anon):    2238800 kB
Inactive(anon):   574984 kB
Active(file):     688908 kB
Inactive(file):   788768 kB
Unevictable:       77284 kB
Mlocked:           77284 kB
RbinTotal:        327680 kB
RbinAlloced:      317940 kB
RbinPool:              0 kB
RbinFree:           9740 kB
RbinCached:            0 kB
SwapTotal:       4194300 kB
SwapFree:        2921468 kB
Dirty:              2424 kB
Writeback:             0 kB
AnonPages:       2788092 kB
Mapped:          1455280 kB
Shmem:             21164 kB
KReclaimable:     119508 kB
Slab:             381808 kB
SReclaimable:      95144 kB
SUnreclaim:       286664 kB
KernelStack:       81856 kB
PageTables:       130540 kB
NFS_Unstable:          0 kB
Bounce:                0 kB
WritebackTmp:          0 kB
CommitLimit:     7842576 kB
Committed_AS:   201733044 kB
VmallocTotal:   263061440 kB
VmallocUsed:      168764 kB
VmallocChunk:          0 kB
CmaTotal:         286720 kB
CmaFree:             672 kB

SystemHeap:       647484 kB
SystemHeapPool:    23360 kB
VmallocAPIsize:   168780 kB
KgslSharedmem:    756616 kB
ZramDevice:       360180 kB


2022-12-21_19-35-45
run this app : Snapseed

MemTotal:        7624232 kB
MemFree:          516892 kB
MemAvailable:    1981344 kB
Buffers:            2844 kB
Cached:          1642620 kB
SwapCached:       167416 kB
Active:          2867568 kB
Inactive:        1386772 kB
Active(anon):    2147540 kB
Inactive(anon):   555916 kB
Active(file):     720028 kB
Inactive(file):   830856 kB
Unevictable:       77284 kB
Mlocked:           77284 kB
RbinTotal:        327680 kB
RbinAlloced:        5128 kB
RbinPool:              0 kB
RbinFree:         322552 kB
RbinCached:            0 kB
SwapTotal:       4194300 kB
SwapFree:        2921980 kB
Dirty:               616 kB
Writeback:             8 kB
AnonPages:       2681108 kB
Mapped:          1460904 kB
Shmem:             18132 kB
KReclaimable:     329292 kB
Slab:             382676 kB
SReclaimable:      95016 kB
SUnreclaim:       287660 kB
KernelStack:       82496 kB
PageTables:       132604 kB
NFS_Unstable:          0 kB
Bounce:                0 kB
WritebackTmp:          0 kB
CommitLimit:     7842576 kB
Committed_AS:   205835692 kB
VmallocTotal:   263061440 kB
VmallocUsed:      169280 kB
VmallocChunk:          0 kB
CmaTotal:         286720 kB
CmaFree:           11088 kB

SystemHeap:       555340 kB
SystemHeapPool:   173416 kB
VmallocAPIsize:   169264 kB
KgslSharedmem:    698568 kB
ZramDevice:       359956 kB


2022-12-21_19-36-04
run this app : Filmora

MemTotal:        7624232 kB
MemFree:          630564 kB
MemAvailable:    2365972 kB
Buffers:            2844 kB
Cached:          1743792 kB
SwapCached:       168712 kB
Active:          2760784 kB
Inactive:        1383456 kB
Active(anon):    2032056 kB
Inactive(anon):   462772 kB
Active(file):     728728 kB
Inactive(file):   920684 kB
Unevictable:       77284 kB
Mlocked:           77284 kB
RbinTotal:        327680 kB
RbinAlloced:        5128 kB
RbinPool:              0 kB
RbinFree:         319980 kB
RbinCached:         2572 kB
SwapTotal:       4194300 kB
SwapFree:        2923004 kB
Dirty:              1496 kB
Writeback:             0 kB
AnonPages:       2472596 kB
Mapped:          1452924 kB
Shmem:             18168 kB
KReclaimable:     499148 kB
Slab:             380904 kB
SReclaimable:      94768 kB
SUnreclaim:       286136 kB
KernelStack:       82864 kB
PageTables:       130600 kB
NFS_Unstable:          0 kB
Bounce:                0 kB
WritebackTmp:          0 kB
CommitLimit:     7842576 kB
Committed_AS:   203572976 kB
VmallocTotal:   263061440 kB
VmallocUsed:      169712 kB
VmallocChunk:          0 kB
CmaTotal:         286720 kB
CmaFree:           27812 kB

SystemHeap:       555340 kB
SystemHeapPool:   175368 kB
VmallocAPIsize:   169712 kB
KgslSharedmem:    524688 kB
ZramDevice:       359852 kB


2022-12-21_19-36-23
run this app : YT Music

MemTotal:        7624232 kB
MemFree:          465424 kB
MemAvailable:    2162564 kB
Buffers:            2860 kB
Cached:          1949824 kB
SwapCached:       166536 kB
Active:          2900484 kB
Inactive:        1603604 kB
Active(anon):    2128712 kB
Inactive(anon):   531528 kB
Active(file):     771772 kB
Inactive(file):  1072076 kB
Unevictable:       77284 kB
Mlocked:           77284 kB
RbinTotal:        327680 kB
RbinAlloced:        5128 kB
RbinPool:              0 kB
RbinFree:         310620 kB
RbinCached:        11932 kB
SwapTotal:       4194300 kB
SwapFree:        2882812 kB
Dirty:              3480 kB
Writeback:             0 kB
AnonPages:       2635660 kB
Mapped:          1513140 kB
Shmem:             20432 kB
KReclaimable:     254288 kB
Slab:             383020 kB
SReclaimable:      95384 kB
SUnreclaim:       287636 kB
KernelStack:       86464 kB
PageTables:       134252 kB
NFS_Unstable:          0 kB
Bounce:                0 kB
WritebackTmp:          0 kB
CommitLimit:     7842576 kB
Committed_AS:   207929552 kB
VmallocTotal:   263061440 kB
VmallocUsed:      173340 kB
VmallocChunk:          0 kB
CmaTotal:         286720 kB
CmaFree:              56 kB

SystemHeap:       555340 kB
SystemHeapPool:    54320 kB
VmallocAPIsize:   173340 kB
KgslSharedmem:    546492 kB
ZramDevice:       366564 kB


2022-12-21_19-36-42
run this app : AliExpress

MemTotal:        7624232 kB
MemFree:          446324 kB
MemAvailable:    2047336 kB
Buffers:            2824 kB
Cached:          1916236 kB
SwapCached:       163176 kB
Active:          2958512 kB
Inactive:        1501432 kB
Active(anon):    2151816 kB
Inactive(anon):   544088 kB
Active(file):     806696 kB
Inactive(file):   957344 kB
Unevictable:       77284 kB
Mlocked:           77284 kB
RbinTotal:        327680 kB
RbinAlloced:        5128 kB
RbinPool:              0 kB
RbinFree:         264980 kB
RbinCached:        57500 kB
SwapTotal:       4194300 kB
SwapFree:        2787068 kB
Dirty:              1484 kB
Writeback:             0 kB
AnonPages:       2670608 kB
Mapped:          1523448 kB
Shmem:             21112 kB
KReclaimable:     130508 kB
Slab:             383184 kB
SReclaimable:      95208 kB
SUnreclaim:       287976 kB
KernelStack:       87776 kB
PageTables:       136104 kB
NFS_Unstable:          0 kB
Bounce:                0 kB
WritebackTmp:          0 kB
CommitLimit:     7842576 kB
Committed_AS:   210249400 kB
VmallocTotal:   263061440 kB
VmallocUsed:      174760 kB
VmallocChunk:          0 kB
CmaTotal:         286720 kB
CmaFree:            3716 kB

SystemHeap:       555340 kB
SystemHeapPool:    28844 kB
VmallocAPIsize:   174680 kB
KgslSharedmem:    630564 kB
ZramDevice:       418664 kB


2022-12-21_19-37-01
run this app : Subway Surf

MemTotal:        7624232 kB
MemFree:          348888 kB
MemAvailable:    1853324 kB
Buffers:            2712 kB
Cached:          1829440 kB
SwapCached:       139816 kB
Active:          2998540 kB
Inactive:        1446628 kB
Active(anon):    2274572 kB
Inactive(anon):   568316 kB
Active(file):     723968 kB
Inactive(file):   878312 kB
Unevictable:       77284 kB
Mlocked:           77284 kB
RbinTotal:        327680 kB
RbinAlloced:        5128 kB
RbinPool:              0 kB
RbinFree:         189760 kB
RbinCached:       132792 kB
SwapTotal:       4194300 kB
SwapFree:        2626300 kB
Dirty:              1584 kB
Writeback:             0 kB
AnonPages:       2818324 kB
Mapped:          1470608 kB
Shmem:             20720 kB
KReclaimable:     110296 kB
Slab:             384184 kB
SReclaimable:      93880 kB
SUnreclaim:       290304 kB
KernelStack:       90024 kB
PageTables:       141000 kB
NFS_Unstable:          0 kB
Bounce:                0 kB
WritebackTmp:          0 kB
CommitLimit:     7842576 kB
Committed_AS:   216960232 kB
VmallocTotal:   263061440 kB
VmallocUsed:      177020 kB
VmallocChunk:          0 kB
CmaTotal:         286720 kB
CmaFree:              56 kB

SystemHeap:       531264 kB
SystemHeapPool:     4264 kB
VmallocAPIsize:   177004 kB
KgslSharedmem:    638028 kB
ZramDevice:       486912 kB


2022-12-21_19-37-21
run this app : Flip Diving

MemTotal:        7624232 kB
MemFree:          318020 kB
MemAvailable:    1795560 kB
Buffers:            2024 kB
Cached:          1806588 kB
SwapCached:       148892 kB
Active:          2969196 kB
Inactive:        1257524 kB
Active(anon):    2141064 kB
Inactive(anon):   539972 kB
Active(file):     828132 kB
Inactive(file):   717552 kB
Unevictable:       77284 kB
Mlocked:           77284 kB
RbinTotal:        327680 kB
RbinAlloced:        5128 kB
RbinPool:              0 kB
RbinFree:         157452 kB
RbinCached:       165044 kB
SwapTotal:       4194300 kB
SwapFree:        2262012 kB
Dirty:              1592 kB
Writeback:            28 kB
AnonPages:       2655836 kB
Mapped:          1358328 kB
Shmem:             21456 kB
KReclaimable:     105188 kB
Slab:             384052 kB
SReclaimable:      92784 kB
SUnreclaim:       291268 kB
KernelStack:       93328 kB
PageTables:       143092 kB
NFS_Unstable:          0 kB
Bounce:                0 kB
WritebackTmp:          0 kB
CommitLimit:     7842576 kB
Committed_AS:   217450448 kB
VmallocTotal:   263061440 kB
VmallocUsed:      180020 kB
VmallocChunk:          0 kB
CmaTotal:         286720 kB
CmaFree:             276 kB

SystemHeap:       717172 kB
SystemHeapPool:     7588 kB
VmallocAPIsize:   180020 kB
KgslSharedmem:    548612 kB
ZramDevice:       605680 kB


2022-12-21_19-37-41
run this app : Fit The Fat 3

MemTotal:        7624232 kB
MemFree:          267232 kB
MemAvailable:    1662596 kB
Buffers:            1356 kB
Cached:          1710268 kB
SwapCached:       143600 kB
Active:          2649636 kB
Inactive:        1309332 kB
Active(anon):    2040304 kB
Inactive(anon):   522360 kB
Active(file):     609332 kB
Inactive(file):   786972 kB
Unevictable:       77284 kB
Mlocked:           77284 kB
RbinTotal:        327680 kB
RbinAlloced:        5128 kB
RbinPool:              0 kB
RbinFree:         106396 kB
RbinCached:       216156 kB
SwapTotal:       4194300 kB
SwapFree:        2238716 kB
Dirty:              3016 kB
Writeback:             4 kB
AnonPages:       2536044 kB
Mapped:          1011744 kB
Shmem:             22724 kB
KReclaimable:     137376 kB
Slab:             386504 kB
SReclaimable:      92980 kB
SUnreclaim:       293524 kB
KernelStack:       93360 kB
PageTables:       143948 kB
NFS_Unstable:          0 kB
Bounce:                0 kB
WritebackTmp:          0 kB
CommitLimit:     7842576 kB
Committed_AS:   219525676 kB
VmallocTotal:   263061440 kB
VmallocUsed:      179868 kB
VmallocChunk:          0 kB
CmaTotal:         286720 kB
CmaFree:            2024 kB

SystemHeap:       954692 kB
SystemHeapPool:     6840 kB
VmallocAPIsize:   179820 kB
KgslSharedmem:    466264 kB
ZramDevice:       680888 kB


2022-12-21_19-37-58
run this app : Asphalt 9

MemTotal:        7624232 kB
MemFree:          251764 kB
MemAvailable:    1697076 kB
Buffers:            1740 kB
Cached:          1777024 kB
SwapCached:       163808 kB
Active:          2697652 kB
Inactive:        1428528 kB
Active(anon):    2134692 kB
Inactive(anon):   534952 kB
Active(file):     562960 kB
Inactive(file):   893576 kB
Unevictable:       77284 kB
Mlocked:           77284 kB
RbinTotal:        327680 kB
RbinAlloced:        5128 kB
RbinPool:              0 kB
RbinFree:          96068 kB
RbinCached:       226484 kB
SwapTotal:       4194300 kB
SwapFree:        2377212 kB
Dirty:             23176 kB
Writeback:             0 kB
AnonPages:       2646528 kB
Mapped:          1245744 kB
Shmem:             19324 kB
KReclaimable:      96152 kB
Slab:             387460 kB
SReclaimable:      92956 kB
SUnreclaim:       294504 kB
KernelStack:       93696 kB
PageTables:       143640 kB
NFS_Unstable:          0 kB
Bounce:                0 kB
WritebackTmp:          0 kB
CommitLimit:     7842576 kB
Committed_AS:   217256540 kB
VmallocTotal:   263061440 kB
VmallocUsed:      180236 kB
VmallocChunk:          0 kB
CmaTotal:         286720 kB
CmaFree:            1032 kB

SystemHeap:       813468 kB
SystemHeapPool:     2940 kB
VmallocAPIsize:   180252 kB
KgslSharedmem:    623184 kB
ZramDevice:       545200 kB


2022-12-21_19-38-16
run this app : Disney+

MemTotal:        7624232 kB
MemFree:          281660 kB
MemAvailable:    1808208 kB
Buffers:            1772 kB
Cached:          1728360 kB
SwapCached:       178876 kB
Active:          2643432 kB
Inactive:        1366968 kB
Active(anon):    2047288 kB
Inactive(anon):   550508 kB
Active(file):     596144 kB
Inactive(file):   816460 kB
Unevictable:       77284 kB
Mlocked:           77284 kB
RbinTotal:        327680 kB
RbinAlloced:        5128 kB
RbinPool:              0 kB
RbinFree:         100764 kB
RbinCached:       221712 kB
SwapTotal:       4194300 kB
SwapFree:        2422524 kB
Dirty:               692 kB
Writeback:            16 kB
AnonPages:       2574168 kB
Mapped:          1266720 kB
Shmem:             19384 kB
KReclaimable:     307956 kB
Slab:             388020 kB
SReclaimable:      93240 kB
SUnreclaim:       294780 kB
KernelStack:       90416 kB
PageTables:       138848 kB
NFS_Unstable:          0 kB
Bounce:                0 kB
WritebackTmp:          0 kB
CommitLimit:     7842576 kB
Committed_AS:   210794140 kB
VmallocTotal:   263061440 kB
VmallocUsed:      177036 kB
VmallocChunk:          0 kB
CmaTotal:         286720 kB
CmaFree:           15212 kB

SystemHeap:       714752 kB
SystemHeapPool:   161836 kB
VmallocAPIsize:   177004 kB
KgslSharedmem:    621344 kB
ZramDevice:       560556 kB


2022-12-21_19-38-35
run this app : Netflix

MemTotal:        7624232 kB
MemFree:          379924 kB
MemAvailable:    2031416 kB
Buffers:            1788 kB
Cached:          1770964 kB
SwapCached:       165288 kB
Active:          2632000 kB
Inactive:        1357388 kB
Active(anon):    2024312 kB
Inactive(anon):   513732 kB
Active(file):     607688 kB
Inactive(file):   843656 kB
Unevictable:       77284 kB
Mlocked:           77284 kB
RbinTotal:        327680 kB
RbinAlloced:        5128 kB
RbinPool:              0 kB
RbinFree:          96300 kB
RbinCached:       226252 kB
SwapTotal:       4194300 kB
SwapFree:        2647548 kB
Dirty:               368 kB
Writeback:             0 kB
AnonPages:       2515156 kB
Mapped:          1293480 kB
Shmem:             18720 kB
KReclaimable:     389620 kB
Slab:             389144 kB
SReclaimable:      94720 kB
SUnreclaim:       294424 kB
KernelStack:       85328 kB
PageTables:       133748 kB
NFS_Unstable:          0 kB
Bounce:                0 kB
WritebackTmp:          0 kB
CommitLimit:     7842576 kB
Committed_AS:   206145736 kB
VmallocTotal:   263061440 kB
VmallocUsed:      171892 kB
VmallocChunk:          0 kB
CmaTotal:         286720 kB
CmaFree:           10488 kB

SystemHeap:       579952 kB
SystemHeapPool:   281500 kB
VmallocAPIsize:   171924 kB
KgslSharedmem:    656048 kB
ZramDevice:       531276 kB


2022-12-21_19-38-54
run this app : YouTube

MemTotal:        7624232 kB
MemFree:          283468 kB
MemAvailable:    2040648 kB
Buffers:            1852 kB
Cached:          1894180 kB
SwapCached:       182200 kB
Active:          2707120 kB
Inactive:        1469428 kB
Active(anon):    2081336 kB
Inactive(anon):   513872 kB
Active(file):     625784 kB
Inactive(file):   955556 kB
Unevictable:       77284 kB
Mlocked:           77284 kB
RbinTotal:        327680 kB
RbinAlloced:        5128 kB
RbinPool:              0 kB
RbinFree:         104624 kB
RbinCached:       217928 kB
SwapTotal:       4194300 kB
SwapFree:        2742012 kB
Dirty:              7808 kB
Writeback:             0 kB
AnonPages:       2570440 kB
Mapped:          1328316 kB
Shmem:             20324 kB
KReclaimable:     373636 kB
Slab:             388064 kB
SReclaimable:      95016 kB
SUnreclaim:       293048 kB
KernelStack:       86688 kB
PageTables:       131728 kB
NFS_Unstable:          0 kB
Bounce:                0 kB
WritebackTmp:          0 kB
CommitLimit:     7842576 kB
Committed_AS:   201936428 kB
VmallocTotal:   263061440 kB
VmallocUsed:      173168 kB
VmallocChunk:          0 kB
CmaTotal:         286720 kB
CmaFree:            5052 kB

SystemHeap:       643024 kB
SystemHeapPool:   204732 kB
VmallocAPIsize:   173168 kB
KgslSharedmem:    593248 kB
ZramDevice:       413604 kB


2022-12-21_19-39-13
run this app : ESPN

MemTotal:        7624232 kB
MemFree:          259628 kB
MemAvailable:    1866020 kB
Buffers:            1848 kB
Cached:          1924524 kB
SwapCached:       185956 kB
Active:          2804616 kB
Inactive:        1578000 kB
Active(anon):    2233460 kB
Inactive(anon):   563720 kB
Active(file):     571156 kB
Inactive(file):  1014280 kB
Unevictable:       77284 kB
Mlocked:           77284 kB
RbinTotal:        327680 kB
RbinAlloced:        5128 kB
RbinPool:              0 kB
RbinFree:          79644 kB
RbinCached:       242908 kB
SwapTotal:       4194300 kB
SwapFree:        2753532 kB
Dirty:              1584 kB
Writeback:             0 kB
AnonPages:       2771040 kB
Mapped:          1374840 kB
Shmem:             21588 kB
KReclaimable:     127664 kB
Slab:             388184 kB
SReclaimable:      94960 kB
SUnreclaim:       293224 kB
KernelStack:       89744 kB
PageTables:       134228 kB
NFS_Unstable:          0 kB
Bounce:                0 kB
WritebackTmp:          0 kB
CommitLimit:     7842576 kB
Committed_AS:   204355068 kB
VmallocTotal:   263061440 kB
VmallocUsed:      176300 kB
VmallocChunk:          0 kB
CmaTotal:         286720 kB
CmaFree:            9344 kB

SystemHeap:       648812 kB
SystemHeapPool:    16168 kB
VmallocAPIsize:   176284 kB
KgslSharedmem:    622240 kB
ZramDevice:       412284 kB


2022-12-21_19-39-33
run this app : ZARA

MemTotal:        7624232 kB
MemFree:          214844 kB
MemAvailable:    1580872 kB
Buffers:            1776 kB
Cached:          1699468 kB
SwapCached:       174456 kB
Active:          2825316 kB
Inactive:        1435364 kB
Active(anon):    2338292 kB
Inactive(anon):   583724 kB
Active(file):     487024 kB
Inactive(file):   851640 kB
Unevictable:       77284 kB
Mlocked:           77284 kB
RbinTotal:        327680 kB
RbinAlloced:        5128 kB
RbinPool:              0 kB
RbinFree:          58120 kB
RbinCached:       264432 kB
SwapTotal:       4194300 kB
SwapFree:        2696188 kB
Dirty:              5312 kB
Writeback:             0 kB
AnonPages:       2894904 kB
Mapped:          1454300 kB
Shmem:             21708 kB
KReclaimable:      97432 kB
Slab:             385544 kB
SReclaimable:      93744 kB
SUnreclaim:       291800 kB
KernelStack:       88656 kB
PageTables:       130928 kB
NFS_Unstable:          0 kB
Bounce:                0 kB
WritebackTmp:          0 kB
CommitLimit:     7842576 kB
Committed_AS:   193341212 kB
VmallocTotal:   263061440 kB
VmallocUsed:      175496 kB
VmallocChunk:          0 kB
CmaTotal:         286720 kB
CmaFree:               0 kB

SystemHeap:       647204 kB
SystemHeapPool:     3052 kB
VmallocAPIsize:   175496 kB
KgslSharedmem:    779924 kB
ZramDevice:       440244 kB


2022-12-21_19-39-51
run this app : TikTok

MemTotal:        7624232 kB
MemFree:          187416 kB
MemAvailable:    1538864 kB
Buffers:            1868 kB
Cached:          1672460 kB
SwapCached:       181116 kB
Active:          2730888 kB
Inactive:        1432592 kB
Active(anon):    2309444 kB
Inactive(anon):   577040 kB
Active(file):     421444 kB
Inactive(file):   855552 kB
Unevictable:       77284 kB
Mlocked:           77284 kB
RbinTotal:        327680 kB
RbinAlloced:        5128 kB
RbinPool:              0 kB
RbinFree:          23424 kB
RbinCached:       299128 kB
SwapTotal:       4194300 kB
SwapFree:        2835196 kB
Dirty:              1408 kB
Writeback:             0 kB
AnonPages:       2859380 kB
Mapped:          1517360 kB
Shmem:             21460 kB
KReclaimable:     122216 kB
Slab:             382944 kB
SReclaimable:      93048 kB
SUnreclaim:       289896 kB
KernelStack:       87184 kB
PageTables:       128456 kB
NFS_Unstable:          0 kB
Bounce:                0 kB
WritebackTmp:          0 kB
CommitLimit:     7842576 kB
Committed_AS:   190702132 kB
VmallocTotal:   263061440 kB
VmallocUsed:      174052 kB
VmallocChunk:          0 kB
CmaTotal:         286720 kB
CmaFree:            5560 kB

SystemHeap:       755684 kB
SystemHeapPool:     5912 kB
VmallocAPIsize:   174052 kB
KgslSharedmem:    795712 kB
ZramDevice:       388584 kB


2022-12-21_19-40-10
run this app : SoundCloud

MemTotal:        7624232 kB
MemFree:          235308 kB
MemAvailable:    1482884 kB
Buffers:            2036 kB
Cached:          1526116 kB
SwapCached:       187600 kB
Active:          2735624 kB
Inactive:        1222904 kB
Active(anon):    2244868 kB
Inactive(anon):   580848 kB
Active(file):     490756 kB
Inactive(file):   642056 kB
Unevictable:       77284 kB
Mlocked:           77284 kB
RbinTotal:        327680 kB
RbinAlloced:        5128 kB
RbinPool:              0 kB
RbinFree:          25184 kB
RbinCached:       297296 kB
SwapTotal:       4194300 kB
SwapFree:        2708476 kB
Dirty:              5936 kB
Writeback:             0 kB
AnonPages:       2797968 kB
Mapped:          1366720 kB
Shmem:             21640 kB
KReclaimable:     206504 kB
Slab:             384484 kB
SReclaimable:      93452 kB
SUnreclaim:       291032 kB
KernelStack:       87648 kB
PageTables:       128888 kB
NFS_Unstable:          0 kB
Bounce:                0 kB
WritebackTmp:          0 kB
CommitLimit:     7842576 kB
Committed_AS:   190951132 kB
VmallocTotal:   263061440 kB
VmallocUsed:      174596 kB
VmallocChunk:          0 kB
CmaTotal:         286720 kB
CmaFree:            4216 kB

SystemHeap:       739432 kB
SystemHeapPool:    77884 kB
VmallocAPIsize:   174564 kB
KgslSharedmem:    843052 kB
ZramDevice:       427772 kB


2022-12-21_19-40-29
run this app : Starbucks

MemTotal:        7624232 kB
MemFree:          762012 kB
MemAvailable:    2499332 kB
Buffers:            2036 kB
Cached:          1599264 kB
SwapCached:       203696 kB
Active:          2512088 kB
Inactive:         953848 kB
Active(anon):    2009924 kB
Inactive(anon):   242592 kB
Active(file):     502164 kB
Inactive(file):   711256 kB
Unevictable:       77284 kB
Mlocked:           77284 kB
RbinTotal:        327680 kB
RbinAlloced:        5128 kB
RbinPool:              0 kB
RbinFree:          32812 kB
RbinCached:       289740 kB
SwapTotal:       4194300 kB
SwapFree:        2717692 kB
Dirty:              1528 kB
Writeback:             0 kB
AnonPages:       2225204 kB
Mapped:          1322664 kB
Shmem:             21680 kB
KReclaimable:     649884 kB
Slab:             382812 kB
SReclaimable:      94764 kB
SUnreclaim:       288048 kB
KernelStack:       79344 kB
PageTables:       120480 kB
NFS_Unstable:          0 kB
Bounce:                0 kB
WritebackTmp:          0 kB
CommitLimit:     7842576 kB
Committed_AS:   183538432 kB
VmallocTotal:   263061440 kB
VmallocUsed:      166232 kB
VmallocChunk:          0 kB
CmaTotal:         286720 kB
CmaFree:           40212 kB

SystemHeap:       425884 kB
SystemHeapPool:   395584 kB
VmallocAPIsize:   166232 kB
KgslSharedmem:    717648 kB
ZramDevice:       427212 kB


2022-12-21_19-40-47
run this app : Word

MemTotal:        7624232 kB
MemFree:          381308 kB
MemAvailable:    2373188 kB
Buffers:            2276 kB
Cached:          1897712 kB
SwapCached:       204124 kB
Active:          2709684 kB
Inactive:        1152832 kB
Active(anon):    2081544 kB
Inactive(anon):   245400 kB
Active(file):     628140 kB
Inactive(file):   907432 kB
Unevictable:       77284 kB
Mlocked:           77284 kB
RbinTotal:        327680 kB
RbinAlloced:        5128 kB
RbinPool:              0 kB
RbinFree:          56424 kB
RbinCached:       266128 kB
SwapTotal:       4194300 kB
SwapFree:        2721020 kB
Dirty:               412 kB
Writeback:             0 kB
AnonPages:       2299460 kB
Mapped:          1465052 kB
Shmem:             21880 kB
KReclaimable:     605904 kB
Slab:             382584 kB
SReclaimable:      94828 kB
SUnreclaim:       287756 kB
KernelStack:       79952 kB
PageTables:       123684 kB
NFS_Unstable:          0 kB
Bounce:                0 kB
WritebackTmp:          0 kB
CommitLimit:     7842576 kB
Committed_AS:   189743728 kB
VmallocTotal:   263061440 kB
VmallocUsed:      166908 kB
VmallocChunk:          0 kB
CmaTotal:         286720 kB
CmaFree:           44524 kB

SystemHeap:       458024 kB
SystemHeapPool:   363748 kB
VmallocAPIsize:   166892 kB
KgslSharedmem:    729856 kB
ZramDevice:       423988 kB


2022-12-21_19-41-06
run this app : Internet

MemTotal:        7624232 kB
MemFree:          241132 kB
MemAvailable:    2070372 kB
Buffers:            2300 kB
Cached:          2050160 kB
SwapCached:       204372 kB
Active:          2808796 kB
Inactive:        1349320 kB
Active(anon):    2141768 kB
Inactive(anon):   308136 kB
Active(file):     667028 kB
Inactive(file):  1041184 kB
Unevictable:       77284 kB
Mlocked:           77284 kB
RbinTotal:        327680 kB
RbinAlloced:        5128 kB
RbinPool:              0 kB
RbinFree:          78080 kB
RbinCached:       244472 kB
SwapTotal:       4194300 kB
SwapFree:        2711548 kB
Dirty:              8268 kB
Writeback:             0 kB
AnonPages:       2421044 kB
Mapped:          1617064 kB
Shmem:             23336 kB
KReclaimable:     292280 kB
Slab:             382352 kB
SReclaimable:      94848 kB
SUnreclaim:       287504 kB
KernelStack:       81584 kB
PageTables:       127592 kB
NFS_Unstable:          0 kB
Bounce:                0 kB
WritebackTmp:          0 kB
CommitLimit:     7842576 kB
Committed_AS:   194169488 kB
VmallocTotal:   263061440 kB
VmallocUsed:      168672 kB
VmallocChunk:          0 kB
CmaTotal:         286720 kB
CmaFree:            4000 kB

SystemHeap:       543492 kB
SystemHeapPool:   153420 kB
VmallocAPIsize:   168656 kB
KgslSharedmem:    816060 kB
ZramDevice:       424264 kB


2022-12-21_19-41-25
run this app : TVING

MemTotal:        7624232 kB
MemFree:          275428 kB
MemAvailable:    2162856 kB
Buffers:            2248 kB
Cached:          2048768 kB
SwapCached:       204688 kB
Active:          2834796 kB
Inactive:        1369176 kB
Active(anon):    2146124 kB
Inactive(anon):   333420 kB
Active(file):     688672 kB
Inactive(file):  1035756 kB
Unevictable:       77284 kB
Mlocked:           77284 kB
RbinTotal:        327680 kB
RbinAlloced:        5128 kB
RbinPool:              0 kB
RbinFree:          92976 kB
RbinCached:       229576 kB
SwapTotal:       4194300 kB
SwapFree:        2704636 kB
Dirty:              1624 kB
Writeback:             0 kB
AnonPages:       2453384 kB
Mapped:          1638144 kB
Shmem:             20548 kB
KReclaimable:     349148 kB
Slab:             382224 kB
SReclaimable:      94872 kB
SUnreclaim:       287352 kB
KernelStack:       81744 kB
PageTables:       128588 kB
NFS_Unstable:          0 kB
Bounce:                0 kB
WritebackTmp:          0 kB
CommitLimit:     7842576 kB
Committed_AS:   196202824 kB
VmallocTotal:   263061440 kB
VmallocUsed:      168776 kB
VmallocChunk:          0 kB
CmaTotal:         286720 kB
CmaFree:            3932 kB

SystemHeap:       427480 kB
SystemHeapPool:   210052 kB
VmallocAPIsize:   168776 kB
KgslSharedmem:    810632 kB
ZramDevice:       424908 kB


2022-12-21_19-41-43
run this app : Camera

MemTotal:        7624232 kB
MemFree:          204720 kB
MemAvailable:    1558268 kB
Buffers:            2764 kB
Cached:          1681108 kB
SwapCached:       206500 kB
Active:          2937156 kB
Inactive:        1308592 kB
Active(anon):    2272472 kB
Inactive(anon):   389900 kB
Active(file):     664684 kB
Inactive(file):   918692 kB
Unevictable:       77284 kB
Mlocked:           77284 kB
RbinTotal:        327680 kB
RbinAlloced:      320288 kB
RbinPool:              0 kB
RbinFree:           7392 kB
RbinCached:            0 kB
SwapTotal:       4194300 kB
SwapFree:        2720764 kB
Dirty:               844 kB
Writeback:             0 kB
AnonPages:       2632332 kB
Mapped:          1535056 kB
Shmem:             24088 kB
KReclaimable:     111908 kB
Slab:             382348 kB
SReclaimable:      94784 kB
SUnreclaim:       287564 kB
KernelStack:       83008 kB
PageTables:       130296 kB
NFS_Unstable:          0 kB
Bounce:                0 kB
WritebackTmp:          0 kB
CommitLimit:     7842576 kB
Committed_AS:   198592568 kB
VmallocTotal:   263061440 kB
VmallocUsed:      170228 kB
VmallocChunk:          0 kB
CmaTotal:         286720 kB
CmaFree:            1192 kB

SystemHeap:       519736 kB
SystemHeapPool:    15780 kB
VmallocAPIsize:   170212 kB
KgslSharedmem:    878688 kB
ZramDevice:       422580 kB


2022-12-21_19-42-02
run this app : Snapseed

MemTotal:        7624232 kB
MemFree:          582596 kB
MemAvailable:    2102476 kB
Buffers:            2776 kB
Cached:          1695028 kB
SwapCached:       206332 kB
Active:          2740924 kB
Inactive:        1383888 kB
Active(anon):    2081892 kB
Inactive(anon):   442568 kB
Active(file):     659032 kB
Inactive(file):   941320 kB
Unevictable:       77284 kB
Mlocked:           77284 kB
RbinTotal:        327680 kB
RbinAlloced:        5128 kB
RbinPool:              0 kB
RbinFree:         322380 kB
RbinCached:          172 kB
SwapTotal:       4194300 kB
SwapFree:        2710268 kB
Dirty:               308 kB
Writeback:           996 kB
AnonPages:       2498108 kB
Mapped:          1535200 kB
Shmem:             20844 kB
KReclaimable:     335080 kB
Slab:             382952 kB
SReclaimable:      94800 kB
SUnreclaim:       288152 kB
KernelStack:       83520 kB
PageTables:       132272 kB
NFS_Unstable:          0 kB
Bounce:                0 kB
WritebackTmp:          0 kB
CommitLimit:     7842576 kB
Committed_AS:   202666704 kB
VmallocTotal:   263061440 kB
VmallocUsed:      170600 kB
VmallocChunk:          0 kB
CmaTotal:         286720 kB
CmaFree:            7660 kB

SystemHeap:       427560 kB
SystemHeapPool:   182252 kB
VmallocAPIsize:   170584 kB
KgslSharedmem:    821100 kB
ZramDevice:       423040 kB


2022-12-21_19-42-21
run this app : Filmora

MemTotal:        7624232 kB
MemFree:          484156 kB
MemAvailable:    2004328 kB
Buffers:            2776 kB
Cached:          1781596 kB
SwapCached:       206160 kB
Active:          2790240 kB
Inactive:        1487128 kB
Active(anon):    2119108 kB
Inactive(anon):   479044 kB
Active(file):     671132 kB
Inactive(file):  1008084 kB
Unevictable:       77284 kB
Mlocked:           77284 kB
RbinTotal:        327680 kB
RbinAlloced:        5128 kB
RbinPool:              0 kB
RbinFree:         315064 kB
RbinCached:         7488 kB
SwapTotal:       4194300 kB
SwapFree:        2707452 kB
Dirty:              7640 kB
Writeback:             4 kB
AnonPages:       2571576 kB
Mapped:          1601096 kB
Shmem:             21232 kB
KReclaimable:     238500 kB
Slab:             383292 kB
SReclaimable:      94828 kB
SUnreclaim:       288464 kB
KernelStack:       85968 kB
PageTables:       134248 kB
NFS_Unstable:          0 kB
Bounce:                0 kB
WritebackTmp:          0 kB
CommitLimit:     7842576 kB
Committed_AS:   204875028 kB
VmallocTotal:   263061440 kB
VmallocUsed:      173088 kB
VmallocChunk:          0 kB
CmaTotal:         286720 kB
CmaFree:             196 kB

SystemHeap:       427560 kB
SystemHeapPool:   117292 kB
VmallocAPIsize:   173056 kB
KgslSharedmem:    850020 kB
ZramDevice:       422596 kB


2022-12-21_19-42-40
run this app : YT Music

MemTotal:        7624232 kB
MemFree:          464160 kB
MemAvailable:    1923356 kB
Buffers:            2752 kB
Cached:          1733220 kB
SwapCached:       207108 kB
Active:          2797124 kB
Inactive:        1484008 kB
Active(anon):    2130956 kB
Inactive(anon):   533508 kB
Active(file):     666168 kB
Inactive(file):   950500 kB
Unevictable:       77284 kB
Mlocked:           77284 kB
RbinTotal:        327680 kB
RbinAlloced:        5128 kB
RbinPool:              0 kB
RbinFree:         301360 kB
RbinCached:        21120 kB
SwapTotal:       4194300 kB
SwapFree:        2693372 kB
Dirty:              1568 kB
Writeback:             0 kB
AnonPages:       2637296 kB
Mapped:          1584460 kB
Shmem:             21732 kB
KReclaimable:     214380 kB
Slab:             383620 kB
SReclaimable:      95064 kB
SUnreclaim:       288556 kB
KernelStack:       86192 kB
PageTables:       134480 kB
NFS_Unstable:          0 kB
Bounce:                0 kB
WritebackTmp:          0 kB
CommitLimit:     7842576 kB
Committed_AS:   204959580 kB
VmallocTotal:   263061440 kB
VmallocUsed:      173380 kB
VmallocChunk:          0 kB
CmaTotal:         286720 kB
CmaFree:              24 kB

SystemHeap:       427560 kB
SystemHeapPool:    99244 kB
VmallocAPIsize:   173364 kB
KgslSharedmem:    871704 kB
ZramDevice:       424848 kB


2022-12-21_19-42-59
run this app : AliExpress

MemTotal:        7624232 kB
MemFree:          445724 kB
MemAvailable:    1800412 kB
Buffers:            2676 kB
Cached:          1638824 kB
SwapCached:       237028 kB
Active:          2777032 kB
Inactive:        1446776 kB
Active(anon):    2178900 kB
Inactive(anon):   557904 kB
Active(file):     598132 kB
Inactive(file):   888872 kB
Unevictable:       77284 kB
Mlocked:           77284 kB
RbinTotal:        327680 kB
RbinAlloced:        5128 kB
RbinPool:              0 kB
RbinFree:         266084 kB
RbinCached:        56468 kB
SwapTotal:       4194300 kB
SwapFree:        2711804 kB
Dirty:               780 kB
Writeback:             0 kB
AnonPages:       2709620 kB
Mapped:          1623124 kB
Shmem:             21784 kB
KReclaimable:     194000 kB
Slab:             384148 kB
SReclaimable:      94980 kB
SUnreclaim:       289168 kB
KernelStack:       87088 kB
PageTables:       135696 kB
NFS_Unstable:          0 kB
Bounce:                0 kB
WritebackTmp:          0 kB
CommitLimit:     7842576 kB
Committed_AS:   207084524 kB
VmallocTotal:   263061440 kB
VmallocUsed:      174292 kB
VmallocChunk:          0 kB
CmaTotal:         286720 kB
CmaFree:             704 kB

SystemHeap:       427560 kB
SystemHeapPool:    77160 kB
VmallocAPIsize:   174276 kB
KgslSharedmem:    933708 kB
ZramDevice:       422284 kB


2022-12-21_19-43-18
run this app : Subway Surf

MemTotal:        7624232 kB
MemFree:          366648 kB
MemAvailable:    1903552 kB
Buffers:            2704 kB
Cached:          1836872 kB
SwapCached:       235936 kB
Active:          2948828 kB
Inactive:        1485328 kB
Active(anon):    2247736 kB
Inactive(anon):   561868 kB
Active(file):     701092 kB
Inactive(file):   923460 kB
Unevictable:       77284 kB
Mlocked:           77284 kB
RbinTotal:        327680 kB
RbinAlloced:        5128 kB
RbinPool:              0 kB
RbinFree:         203636 kB
RbinCached:       119204 kB
SwapTotal:       4194300 kB
SwapFree:        2712316 kB
Dirty:              1224 kB
Writeback:             0 kB
AnonPages:       2784280 kB
Mapped:          1508676 kB
Shmem:             19344 kB
KReclaimable:     157860 kB
Slab:             385960 kB
SReclaimable:      94588 kB
SUnreclaim:       291372 kB
KernelStack:       89268 kB
PageTables:       138852 kB
NFS_Unstable:          0 kB
Bounce:                0 kB
WritebackTmp:          0 kB
CommitLimit:     7842576 kB
Committed_AS:   212564040 kB
VmallocTotal:   263061440 kB
VmallocUsed:      176272 kB
VmallocChunk:          0 kB
CmaTotal:         286720 kB
CmaFree:             184 kB

SystemHeap:       399416 kB
SystemHeapPool:    10620 kB
VmallocAPIsize:   176256 kB
KgslSharedmem:    796928 kB
ZramDevice:       420632 kB


2022-12-21_19-43-41
run this app : Flip Diving

MemTotal:        7624232 kB
MemFree:          334080 kB
MemAvailable:    2105152 kB
Buffers:            2608 kB
Cached:          1864608 kB
SwapCached:       246416 kB
Active:          3061112 kB
Inactive:        1138860 kB
Active(anon):    2273188 kB
Inactive(anon):   309724 kB
Active(file):     787924 kB
Inactive(file):   829136 kB
Unevictable:       77284 kB
Mlocked:           77284 kB
RbinTotal:        327680 kB
RbinAlloced:        5128 kB
RbinPool:              0 kB
RbinFree:         168960 kB
RbinCached:       153592 kB
SwapTotal:       4194300 kB
SwapFree:        2544892 kB
Dirty:              5476 kB
Writeback:             0 kB
AnonPages:       2557080 kB
Mapped:          1378612 kB
Shmem:             19936 kB
KReclaimable:     416144 kB
Slab:             383748 kB
SReclaimable:      93376 kB
SUnreclaim:       290372 kB
KernelStack:       90572 kB
PageTables:       137792 kB
NFS_Unstable:          0 kB
Bounce:                0 kB
WritebackTmp:          0 kB
CommitLimit:     7842576 kB
Committed_AS:   210623560 kB
VmallocTotal:   263061440 kB
VmallocUsed:      177324 kB
VmallocChunk:          0 kB
CmaTotal:         286720 kB
CmaFree:             964 kB

SystemHeap:       589516 kB
SystemHeapPool:    40336 kB
VmallocAPIsize:   177324 kB
KgslSharedmem:    537692 kB
ZramDevice:       465264 kB


2022-12-21_19-44-00
run this app : Fit The Fat 3

MemTotal:        7624232 kB
MemFree:          256416 kB
MemAvailable:    1633176 kB
Buffers:            1928 kB
Cached:          1710916 kB
SwapCached:       238668 kB
Active:          2760020 kB
Inactive:        1283856 kB
Active(anon):    2119832 kB
Inactive(anon):   536064 kB
Active(file):     640188 kB
Inactive(file):   747792 kB
Unevictable:       77284 kB
Mlocked:           77284 kB
RbinTotal:        327680 kB
RbinAlloced:        5128 kB
RbinPool:              0 kB
RbinFree:          99228 kB
RbinCached:       223216 kB
SwapTotal:       4194300 kB
SwapFree:        2513148 kB
Dirty:              3224 kB
Writeback:             0 kB
AnonPages:       2626328 kB
Mapped:          1198532 kB
Shmem:             25240 kB
KReclaimable:     102696 kB
Slab:             384688 kB
SReclaimable:      92420 kB
SUnreclaim:       292268 kB
KernelStack:       92272 kB
PageTables:       141256 kB
NFS_Unstable:          0 kB
Bounce:                0 kB
WritebackTmp:          0 kB
CommitLimit:     7842576 kB
Committed_AS:   215166836 kB
VmallocTotal:   263061440 kB
VmallocUsed:      179048 kB
VmallocChunk:          0 kB
CmaTotal:         286720 kB
CmaFree:             824 kB

SystemHeap:      1026624 kB
SystemHeapPool:     4820 kB
VmallocAPIsize:   179048 kB
KgslSharedmem:    551732 kB
ZramDevice:       480608 kB


2022-12-21_19-44-17
run this app : Asphalt 9

MemTotal:        7624232 kB
MemFree:          228300 kB
MemAvailable:    1727436 kB
Buffers:            1724 kB
Cached:          1824904 kB
SwapCached:       230440 kB
Active:          2677268 kB
Inactive:        1493168 kB
